[2026-06-08T19:20:47.107Z] [Gateway] Loaded 1247 UF2 blocks.
[2026-06-08T19:20:47.108Z] [Body] Loaded 1247 UF2 blocks.
[2026-06-08T19:20:47.120Z] [Engine] Loaded 1247 UF2 blocks.
[2026-06-08T19:20:47.124Z] [Chassis] Loaded 1247 UF2 blocks.
[2026-06-08T19:20:49.035Z] [Chassis] [USB DEBUG] onUSBEnabled called
[2026-06-08T19:20:49.035Z] [Chassis] [USB DEBUG] onResetReceived called
[2026-06-08T19:20:49.035Z] [Body] [USB DEBUG] onUSBEnabled called
[2026-06-08T19:20:49.036Z] [Body] [USB DEBUG] onResetReceived called
[2026-06-08T19:20:49.697Z] [Gateway] [USB DEBUG] onUSBEnabled called
[2026-06-08T19:20:49.697Z] [Gateway] [USB DEBUG] onResetReceived called
[2026-06-08T19:20:49.697Z] [Gateway] [USB DEBUG] cdc.onDeviceConnected called
[2026-06-08T19:20:49.697Z] [Engine] [USB DEBUG] onUSBEnabled called
[2026-06-08T19:20:49.697Z] [Engine] [USB DEBUG] onResetReceived called
[2026-06-08T19:20:49.697Z] [Engine] [USB DEBUG] cdc.onDeviceConnected called
[2026-06-08T19:20:49.697Z] [Chassis] [USB DEBUG] cdc.onDeviceConnected called
[2026-06-08T19:20:49.697Z] [Body] [USB DEBUG] cdc.onDeviceConnected called
[2026-06-08T19:20:51.588Z] [Gateway] [DEBUG] Tick 50000 | PC = 0x10016892 | SP = 0x20041eb0 | waiting = false
[2026-06-08T19:20:51.588Z] [Engine] [DEBUG] Tick 50000 | PC = 0x10016898 | SP = 0x20041c38 | waiting = false
[2026-06-08T19:20:51.588Z] [Chassis] [DEBUG] Tick 50000 | PC = 0x271e | SP = 0x20041c10 | waiting = false
[2026-06-08T19:20:51.588Z] [Body] [DEBUG] Tick 50000 | PC = 0x10016892 | SP = 0x20041eb0 | waiting = false
[2026-06-08T19:20:52.353Z] [Body] Traceback (most recent call last):
[2026-06-08T19:20:52.353Z] [Body] File "main.py", line 281
[2026-06-08T19:20:52.353Z] [Body] SyntaxError: invalid syntax
[2026-06-08T19:20:52.353Z] [Body] MicroPython v1.20.0 on 2023-04-26; Raspberry Pi Pico with RP2040
[2026-06-08T19:20:52.353Z] [Body] Type "help()" for more information.
[2026-06-08T19:20:53.113Z] [Gateway] Traceback (most recent call last):
[2026-06-08T19:20:53.113Z] [Gateway] File "main.py", line 286
[2026-06-08T19:20:53.113Z] [Gateway] SyntaxError: invalid syntax
[2026-06-08T19:20:53.113Z] [Gateway] MicroPython v1.20.0 on 2023-04-26; Raspberry Pi Pico with RP2040
[2026-06-08T19:20:53.113Z] [Gateway] Type "help()" for more information.
[2026-06-08T19:20:54.002Z] [Engine] Traceback (most recent call last):
[2026-06-08T19:20:54.002Z] [Engine] File "main.py", line 176, in <module>
[2026-06-08T19:20:54.002Z] [Engine] AttributeError: 'function' object has no attribute 'tick'
[2026-06-08T19:20:54.002Z] [Engine] MicroPython v1.20.0 on 2023-04-26; Raspberry Pi Pico with RP2040
[2026-06-08T19:20:54.002Z] [Engine] Type "help()" for more information.
[2026-06-08T19:20:54.806Z] [Chassis] Traceback (most recent call last):
[2026-06-08T19:20:54.806Z] [Chassis] File "main.py", line 173, in <module>
[2026-06-08T19:20:54.806Z] [Chassis] AttributeError: 'function' object has no attribute 'tick'
[2026-06-08T19:20:54.806Z] [Chassis] MicroPython v1.20.0 on 2023-04-26; Raspberry Pi Pico with RP2040
[2026-06-08T19:20:54.806Z] [Chassis] Type "help()" for more information.
[2026-06-08T19:20:55.443Z] [Gateway] [DEBUG] Tick 100000 | PC = 0x1002db9e | SP = 0x20041f24 | waiting = false
[2026-06-08T19:20:55.444Z] [Engine] [DEBUG] Tick 100000 | PC = 0x10032b1a | SP = 0x20041f10 | waiting = false
[2026-06-08T19:20:55.444Z] [Chassis] [DEBUG] Tick 100000 | PC = 0x1002e040 | SP = 0x20041f80 | waiting = false
[2026-06-08T19:20:55.444Z] [Body] [DEBUG] Tick 100000 | PC = 0x100332f0 | SP = 0x20041f48 | waiting = false
[2026-06-08T19:20:58.387Z] [Gateway] [DEBUG] Tick 150000 | PC = 0x1002df0c | SP = 0x20041f80 | waiting = false
[2026-06-08T19:20:58.387Z] [Engine] [DEBUG] Tick 150000 | PC = 0x1002e064 | SP = 0x20041f80 | waiting = true
[2026-06-08T19:20:58.387Z] [Chassis] [DEBUG] Tick 150000 | PC = 0x1003320e | SP = 0x20041f48 | waiting = false
[2026-06-08T19:20:58.387Z] [Body] [DEBUG] Tick 150000 | PC = 0x10032f9a | SP = 0x20041f48 | waiting = false
[2026-06-08T19:21:01.447Z] [Gateway] [DEBUG] Tick 200000 | PC = 0x1002de98 | SP = 0x20041f38 | waiting = false
[2026-06-08T19:21:01.447Z] [Engine] [DEBUG] Tick 200000 | PC = 0x1002e2b4 | SP = 0x20041ee0 | waiting = false
[2026-06-08T19:21:01.447Z] [Chassis] [DEBUG] Tick 200000 | PC = 0x100334f4 | SP = 0x20041ed8 | waiting = false
[2026-06-08T19:21:01.447Z] [Body] [DEBUG] Tick 200000 | PC = 0x10033962 | SP = 0x20041f10 | waiting = false
[2026-06-08T19:21:04.312Z] [Gateway] [DEBUG] Tick 250000 | PC = 0x1002e4b6 | SP = 0x20041f58 | waiting = false
[2026-06-08T19:21:04.312Z] [Engine] [DEBUG] Tick 250000 | PC = 0x10031b8a | SP = 0x20041ee8 | waiting = false
[2026-06-08T19:21:04.312Z] [Chassis] [DEBUG] Tick 250000 | PC = 0x10033ed4 | SP = 0x20041f58 | waiting = false
[2026-06-08T19:21:04.312Z] [Body] [DEBUG] Tick 250000 | PC = 0x1002dac4 | SP = 0x20041f74 | waiting = false
[2026-06-08T19:21:07.164Z] [Gateway] [DEBUG] Tick 300000 | PC = 0x10033454 | SP = 0x20041f08 | waiting = false
[2026-06-08T19:21:07.164Z] [Engine] [DEBUG] Tick 300000 | PC = 0x10032fa0 | SP = 0x20041f48 | waiting = false
[2026-06-08T19:21:07.164Z] [Chassis] [DEBUG] Tick 300000 | PC = 0x1002db9c | SP = 0x20041f38 | waiting = false
[2026-06-08T19:21:07.164Z] [Body] [DEBUG] Tick 300000 | PC = 0x100335c8 | SP = 0x20041f28 | waiting = false
[2026-06-08T19:21:10.213Z] [Gateway] [DEBUG] Tick 350000 | PC = 0x100336fe | SP = 0x20041f28 | waiting = false
[2026-06-08T19:21:10.213Z] [Engine] [DEBUG] Tick 350000 | PC = 0x1003356a | SP = 0x20041f28 | waiting = false
[2026-06-08T19:21:10.213Z] [Chassis] [DEBUG] Tick 350000 | PC = 0x100332f2 | SP = 0x20041f28 | waiting = false
[2026-06-08T19:21:10.213Z] [Body] [DEBUG] Tick 350000 | PC = 0x10032b82 | SP = 0x20041f30 | waiting = false
[2026-06-08T19:21:13.414Z] [Gateway] [DEBUG] Tick 400000 | PC = 0x10033648 | SP = 0x20041ef0 | waiting = false
[2026-06-08T19:21:13.414Z] [Engine] [DEBUG] Tick 400000 | PC = 0x1002e168 | SP = 0x20041ee0 | waiting = false
[2026-06-08T19:21:13.414Z] [Chassis] [DEBUG] Tick 400000 | PC = 0x1002e458 | SP = 0x20041f28 | waiting = false
[2026-06-08T19:21:13.414Z] [Body] [DEBUG] Tick 400000 | PC = 0x10032f9a | SP = 0x20041f48 | waiting = false
[2026-06-08T19:21:16.462Z] [Gateway] [DEBUG] Tick 450000 | PC = 0x1002e064 | SP = 0x20041f80 | waiting = true
[2026-06-08T19:21:16.462Z] [Engine] [DEBUG] Tick 450000 | PC = 0x1003374a | SP = 0x20041f58 | waiting = false
[2026-06-08T19:21:16.462Z] [Chassis] [DEBUG] Tick 450000 | PC = 0x10032b5a | SP = 0x20041f30 | waiting = false
[2026-06-08T19:21:16.462Z] [Body] [DEBUG] Tick 450000 | PC = 0x1002e16c | SP = 0x20041ee8 | waiting = false
[2026-06-08T19:21:20.071Z] [Gateway] [DEBUG] Tick 500000 | PC = 0x10032b8a | SP = 0x20041f30 | waiting = false
[2026-06-08T19:21:20.071Z] [Engine] [DEBUG] Tick 500000 | PC = 0x100344c8 | SP = 0x20041f30 | waiting = false
[2026-06-08T19:21:20.071Z] [Chassis] [DEBUG] Tick 500000 | PC = 0x2636 | SP = 0x20041f30 | waiting = false
[2026-06-08T19:21:20.071Z] [Body] [DEBUG] Tick 500000 | PC = 0x1002e4bc | SP = 0x20041f58 | waiting = false
[2026-06-08T19:21:23.312Z] [Gateway] [DEBUG] Tick 550000 | PC = 0x1002e2b4 | SP = 0x20041ee0 | waiting = false
[2026-06-08T19:21:23.312Z] [Engine] [DEBUG] Tick 550000 | PC = 0x1002e47a | SP = 0x20041f28 | waiting = false
[2026-06-08T19:21:23.312Z] [Chassis] [DEBUG] Tick 550000 | PC = 0x10034900 | SP = 0x20041f48 | waiting = false
[2026-06-08T19:21:23.312Z] [Body] [DEBUG] Tick 550000 | PC = 0x1002e46c | SP = 0x20041f28 | waiting = false
[2026-06-08T19:21:26.307Z] [Gateway] [DEBUG] Tick 600000 | PC = 0x100334c8 | SP = 0x20041ef0 | waiting = false
[2026-06-08T19:21:26.307Z] [Engine] [DEBUG] Tick 600000 | PC = 0x10033a50 | SP = 0x20041f58 | waiting = false
[2026-06-08T19:21:26.307Z] [Chassis] [DEBUG] Tick 600000 | PC = 0x10031b8a | SP = 0x20041ee8 | waiting = false
[2026-06-08T19:21:26.307Z] [Body] [DEBUG] Tick 600000 | PC = 0x10032b1a | SP = 0x20041f10 | waiting = false
[2026-06-08T19:21:29.421Z] [Gateway] [DEBUG] Tick 650000 | PC = 0x1002e064 | SP = 0x20041f80 | waiting = true
[2026-06-08T19:21:29.421Z] [Engine] [DEBUG] Tick 650000 | PC = 0x1002e038 | SP = 0x20041f80 | waiting = false
[2026-06-08T19:21:29.421Z] [Chassis] [DEBUG] Tick 650000 | PC = 0x10032fa0 | SP = 0x20041f48 | waiting = false
[2026-06-08T19:21:29.421Z] [Body] [DEBUG] Tick 650000 | PC = 0x1002e064 | SP = 0x20041f80 | waiting = true
[2026-06-08T19:21:32.422Z] [Gateway] [DEBUG] Tick 700000 | PC = 0x10033a52 | SP = 0x20041f58 | waiting = false
[2026-06-08T19:21:32.422Z] [Engine] [DEBUG] Tick 700000 | PC = 0x10033672 | SP = 0x20041ef0 | waiting = false
[2026-06-08T19:21:32.423Z] [Chassis] [DEBUG] Tick 700000 | PC = 0x20005be5 | SP = 0x20041f78 | waiting = false
[2026-06-08T19:21:32.423Z] [Body] [DEBUG] Tick 700000 | PC = 0x1002e2b4 | SP = 0x20041ee0 | waiting = false
[2026-06-08T19:21:35.417Z] [Gateway] [DEBUG] Tick 750000 | PC = 0x1002e168 | SP = 0x20041fa0 | waiting = false
[2026-06-08T19:21:35.417Z] [Engine] [DEBUG] Tick 750000 | PC = 0x10033ed4 | SP = 0x20041f58 | waiting = false
[2026-06-08T19:21:35.417Z] [Chassis] [DEBUG] Tick 750000 | PC = 0x1002e168 | SP = 0x20041ee0 | waiting = false
[2026-06-08T19:21:35.417Z] [Body] [DEBUG] Tick 750000 | PC = 0x10031b8a | SP = 0x20041ee8 | waiting = false
[2026-06-08T19:21:38.415Z] [Gateway] [DEBUG] Tick 800000 | PC = 0x10033210 | SP = 0x20041f28 | waiting = false
[2026-06-08T19:21:38.415Z] [Engine] [DEBUG] Tick 800000 | PC = 0x1002e490 | SP = 0x20041f28 | waiting = false
[2026-06-08T19:21:38.415Z] [Chassis] [DEBUG] Tick 800000 | PC = 0x1003397c | SP = 0x20041f10 | waiting = false
[2026-06-08T19:21:38.415Z] [Body] [DEBUG] Tick 800000 | PC = 0x1002e16c | SP = 0x20041ee8 | waiting = false
[2026-06-08T19:21:41.456Z] [Gateway] [DEBUG] Tick 850000 | PC = 0x10034768 | SP = 0x20041f00 | waiting = false
[2026-06-08T19:21:41.456Z] [Engine] [DEBUG] Tick 850000 | PC = 0x1003331c | SP = 0x20041f48 | waiting = false
[2026-06-08T19:21:41.456Z] [Chassis] [DEBUG] Tick 850000 | PC = 0x1002dbae | SP = 0x20041f10 | waiting = false
[2026-06-08T19:21:41.456Z] [Body] [DEBUG] Tick 850000 | PC = 0x1002e4a0 | SP = 0x20041f48 | waiting = false
[2026-06-08T19:21:44.518Z] [Gateway] [DEBUG] Tick 900000 | PC = 0x2636 | SP = 0x20041f10 | waiting = false
[2026-06-08T19:21:44.518Z] [Engine] [DEBUG] Tick 900000 | PC = 0x10033a5a | SP = 0x20041f58 | waiting = false
[2026-06-08T19:21:44.518Z] [Chassis] [DEBUG] Tick 900000 | PC = 0x1002e064 | SP = 0x20041f80 | waiting = true
[2026-06-08T19:21:44.518Z] [Body] [DEBUG] Tick 900000 | PC = 0x2000067c | SP = 0x20041f08 | waiting = false
[2026-06-08T19:21:47.569Z] [Gateway] [DEBUG] Tick 950000 | PC = 0x20000306 | SP = 0x20041ee8 | waiting = false
[2026-06-08T19:21:47.569Z] [Engine] [DEBUG] Tick 950000 | PC = 0x1003398a | SP = 0x20041f10 | waiting = false
[2026-06-08T19:21:47.569Z] [Chassis] [DEBUG] Tick 950000 | PC = 0x1002e27a | SP = 0x20041ee0 | waiting = false
[2026-06-08T19:21:47.569Z] [Body] [DEBUG] Tick 950000 | PC = 0x10032d5c | SP = 0x20041f40 | waiting = false
[2026-06-08T19:21:50.618Z] [Gateway] [DEBUG] Tick 1000000 | PC = 0x1002e064 | SP = 0x20041f80 | waiting = true
[2026-06-08T19:21:50.618Z] [Engine] [DEBUG] Tick 1000000 | PC = 0x10032f8c | SP = 0x20041f48 | waiting = false
[2026-06-08T19:21:50.618Z] [Chassis] [DEBUG] Tick 1000000 | PC = 0x10033970 | SP = 0x20041f10 | waiting = false
[2026-06-08T19:21:50.618Z] [Body] [DEBUG] Tick 1000000 | PC = 0x100334d2 | SP = 0x20041ed8 | waiting = false
[2026-06-08T19:21:53.723Z] [Gateway] [DEBUG] Tick 1050000 | PC = 0x10029bf4 | SP = 0x20041fa0 | waiting = false
[2026-06-08T19:21:53.723Z] [Engine] [DEBUG] Tick 1050000 | PC = 0x263a | SP = 0x20041ef0 | waiting = false
[2026-06-08T19:21:53.723Z] [Chassis] [DEBUG] Tick 1050000 | PC = 0x10032a0e | SP = 0x20041f00 | waiting = false
[2026-06-08T19:21:53.723Z] [Body] [DEBUG] Tick 1050000 | PC = 0x10032fa0 | SP = 0x20041f48 | waiting = false
[2026-06-08T19:21:56.954Z] [Gateway] [DEBUG] Tick 1100000 | PC = 0x1002de84 | SP = 0x20041f38 | waiting = false
[2026-06-08T19:21:56.954Z] [Engine] [DEBUG] Tick 1100000 | PC = 0x2634 | SP = 0x20041f10 | waiting = false
[2026-06-08T19:21:56.954Z] [Chassis] [DEBUG] Tick 1100000 | PC = 0x1002e4a0 | SP = 0x20041f48 | waiting = false
[2026-06-08T19:21:56.954Z] [Body] [DEBUG] Tick 1100000 | PC = 0x10033a50 | SP = 0x20041f58 | waiting = false
[2026-06-08T19:22:00.018Z] [Gateway] [DEBUG] Tick 1150000 | PC = 0x1002df28 | SP = 0x20041f68 | waiting = false
[2026-06-08T19:22:00.018Z] [Engine] [DEBUG] Tick 1150000 | PC = 0x1002e064 | SP = 0x20041f80 | waiting = true
[2026-06-08T19:22:00.018Z] [Chassis] [DEBUG] Tick 1150000 | PC = 0x20000626 | SP = 0x20041f08 | waiting = false
[2026-06-08T19:22:00.018Z] [Body] [DEBUG] Tick 1150000 | PC = 0x10033a52 | SP = 0x20041f58 | waiting = false
[2026-06-08T19:22:03.065Z] [Gateway] [DEBUG] Tick 1200000 | PC = 0x10034150 | SP = 0x20041f20 | waiting = false
[2026-06-08T19:22:03.065Z] [Engine] [DEBUG] Tick 1200000 | PC = 0x1002e452 | SP = 0x20041f28 | waiting = false
[2026-06-08T19:22:03.065Z] [Chassis] [DEBUG] Tick 1200000 | PC = 0x10032f8c | SP = 0x20041f48 | waiting = false
[2026-06-08T19:22:03.065Z] [Body] [DEBUG] Tick 1200000 | PC = 0x10033a62 | SP = 0x20041f58 | waiting = false
[2026-06-08T19:22:06.004Z] [Gateway] [DEBUG] Tick 1250000 | PC = 0x10033024 | SP = 0x20041f10 | waiting = false
[2026-06-08T19:22:06.004Z] [Engine] [DEBUG] Tick 1250000 | PC = 0x10033970 | SP = 0x20041f10 | waiting = false
[2026-06-08T19:22:06.004Z] [Chassis] [DEBUG] Tick 1250000 | PC = 0x10033446 | SP = 0x20041f08 | waiting = false
[2026-06-08T19:22:06.004Z] [Body] [DEBUG] Tick 1250000 | PC = 0x1002de46 | SP = 0x20041f38 | waiting = false
[2026-06-08T19:22:09.291Z] [Gateway] [DEBUG] Tick 1300000 | PC = 0x10032b1e | SP = 0x20041f48 | waiting = false
[2026-06-08T19:22:09.292Z] [Engine] [DEBUG] Tick 1300000 | PC = 0x10033a54 | SP = 0x20041f58 | waiting = false
[2026-06-08T19:22:09.292Z] [Chassis] [DEBUG] Tick 1300000 | PC = 0x10033a70 | SP = 0x20041f58 | waiting = false
[2026-06-08T19:22:09.292Z] [Body] [DEBUG] Tick 1300000 | PC = 0x1002e064 | SP = 0x20041f80 | waiting = true
[2026-06-08T19:22:12.260Z] [Gateway] [DEBUG] Tick 1350000 | PC = 0x2638 | SP = 0x20041ef0 | waiting = false
[2026-06-08T19:22:12.260Z] [Engine] [DEBUG] Tick 1350000 | PC = 0x10029cde | SP = 0x20041fa0 | waiting = false
[2026-06-08T19:22:12.260Z] [Chassis] [DEBUG] Tick 1350000 | PC = 0x1002e032 | SP = 0x20041f80 | waiting = false
[2026-06-08T19:22:12.260Z] [Body] [DEBUG] Tick 1350000 | PC = 0x10033a4c | SP = 0x20041f58 | waiting = false
[2026-06-08T19:22:15.255Z] [Gateway] [DEBUG] Tick 1400000 | PC = 0x1003374a | SP = 0x20041f58 | waiting = false
[2026-06-08T19:22:15.255Z] [Engine] [DEBUG] Tick 1400000 | PC = 0x1002e064 | SP = 0x20041f80 | waiting = true
[2026-06-08T19:22:15.255Z] [Chassis] [DEBUG] Tick 1400000 | PC = 0x1002e064 | SP = 0x20041f80 | waiting = true
[2026-06-08T19:22:15.255Z] [Body] [DEBUG] Tick 1400000 | PC = 0x1002e4bc | SP = 0x20041f58 | waiting = false
[2026-06-08T19:22:18.228Z] [Gateway] [DEBUG] Tick 1450000 | PC = 0x1003333e | SP = 0x20041f48 | waiting = false
[2026-06-08T19:22:18.228Z] [Engine] [DEBUG] Tick 1450000 | PC = 0x1002e440 | SP = 0x20041f48 | waiting = false
[2026-06-08T19:22:18.228Z] [Chassis] [DEBUG] Tick 1450000 | PC = 0x100331ac | SP = 0x20041f64 | waiting = false
[2026-06-08T19:22:18.228Z] [Body] [DEBUG] Tick 1450000 | PC = 0x1002e064 | SP = 0x20041f80 | waiting = true
[2026-06-08T19:22:21.203Z] [Gateway] [DEBUG] Tick 1500000 | PC = 0x2642 | SP = 0x20041f30 | waiting = false
[2026-06-08T19:22:21.203Z] [Engine] [DEBUG] Tick 1500000 | PC = 0x10033454 | SP = 0x20041f08 | waiting = false
[2026-06-08T19:22:21.203Z] [Chassis] [DEBUG] Tick 1500000 | PC = 0x1002e168 | SP = 0x20041ee0 | waiting = false
[2026-06-08T19:22:21.203Z] [Body] [DEBUG] Tick 1500000 | PC = 0x1002dc0c | SP = 0x20041f10 | waiting = false
[2026-06-08T19:22:24.187Z] [Gateway] [DEBUG] Tick 1550000 | PC = 0x1002dbda | SP = 0x20041f10 | waiting = false
[2026-06-08T19:22:24.187Z] [Engine] [DEBUG] Tick 1550000 | PC = 0x10033a70 | SP = 0x20041f58 | waiting = false
[2026-06-08T19:22:24.187Z] [Chassis] [DEBUG] Tick 1550000 | PC = 0x100344ea | SP = 0x20041f30 | waiting = false
[2026-06-08T19:22:24.187Z] [Body] [DEBUG] Tick 1550000 | PC = 0x20005306 | SP = 0x20041ee4 | waiting = false
[2026-06-08T19:22:27.204Z] [Gateway] [DEBUG] Tick 1600000 | PC = 0x1002e174 | SP = 0x20041ee0 | waiting = false
[2026-06-08T19:22:27.204Z] [Engine] [DEBUG] Tick 1600000 | PC = 0x1002e2d4 | SP = 0x20041ee0 | waiting = false
[2026-06-08T19:22:27.204Z] [Chassis] [DEBUG] Tick 1600000 | PC = 0x1002de3e | SP = 0x20041f38 | waiting = false
[2026-06-08T19:22:27.204Z] [Body] [DEBUG] Tick 1600000 | PC = 0x10032a2a | SP = 0x20041f00 | waiting = false
[2026-06-08T19:22:30.215Z] [Gateway] [DEBUG] Tick 1650000 | PC = 0x10018506 | SP = 0x20041f88 | waiting = false
[2026-06-08T19:22:30.215Z] [Engine] [DEBUG] Tick 1650000 | PC = 0x20005be5 | SP = 0x20041f58 | waiting = false
[2026-06-08T19:22:30.215Z] [Chassis] [DEBUG] Tick 1650000 | PC = 0x1002e064 | SP = 0x20041f80 | waiting = true
[2026-06-08T19:22:30.215Z] [Body] [DEBUG] Tick 1650000 | PC = 0x1002e172 | SP = 0x20041ee0 | waiting = false
[2026-06-08T19:22:33.206Z] [Gateway] [DEBUG] Tick 1700000 | PC = 0x20000626 | SP = 0x20041f08 | waiting = false
[2026-06-08T19:22:33.206Z] [Engine] [DEBUG] Tick 1700000 | PC = 0x1002e260 | SP = 0x20041f10 | waiting = false
[2026-06-08T19:22:33.206Z] [Chassis] [DEBUG] Tick 1700000 | PC = 0x1002dbf8 | SP = 0x20041f10 | waiting = false
[2026-06-08T19:22:33.206Z] [Body] [DEBUG] Tick 1700000 | PC = 0x1003332c | SP = 0x20041f28 | waiting = false
[2026-06-08T19:22:36.191Z] [Gateway] [DEBUG] Tick 1750000 | PC = 0x2000033c | SP = 0x20041ee8 | waiting = false
[2026-06-08T19:22:36.191Z] [Engine] [DEBUG] Tick 1750000 | PC = 0x20005306 | SP = 0x20041ee4 | waiting = false
[2026-06-08T19:22:36.191Z] [Chassis] [DEBUG] Tick 1750000 | PC = 0x100348e4 | SP = 0x20041efc | waiting = false
[2026-06-08T19:22:36.191Z] [Body] [DEBUG] Tick 1750000 | PC = 0x100337f0 | SP = 0x20041f50 | waiting = false
[2026-06-08T19:22:39.180Z] [Gateway] [DEBUG] Tick 1800000 | PC = 0x100336a0 | SP = 0x20041f48 | waiting = false
[2026-06-08T19:22:39.180Z] [Engine] [DEBUG] Tick 1800000 | PC = 0x10032a2a | SP = 0x20041f00 | waiting = false
[2026-06-08T19:22:39.180Z] [Chassis] [DEBUG] Tick 1800000 | PC = 0x263a | SP = 0x20041ef0 | waiting = false
[2026-06-08T19:22:39.180Z] [Body] [DEBUG] Tick 1800000 | PC = 0x100344ea | SP = 0x20041f30 | waiting = false
[2026-06-08T19:22:42.151Z] [Gateway] [DEBUG] Tick 1850000 | PC = 0x10032f6e | SP = 0x20041f20 | waiting = false
[2026-06-08T19:22:42.151Z] [Engine] [DEBUG] Tick 1850000 | PC = 0x1002e16c | SP = 0x20041ee0 | waiting = false
[2026-06-08T19:22:42.151Z] [Chassis] [DEBUG] Tick 1850000 | PC = 0x100331ac | SP = 0x20041f64 | waiting = false
[2026-06-08T19:22:42.151Z] [Body] [DEBUG] Tick 1850000 | PC = 0x10032fa6 | SP = 0x20041f48 | waiting = false
[2026-06-08T19:22:45.173Z] [Gateway] [DEBUG] Tick 1900000 | PC = 0x20000626 | SP = 0x20041f08 | waiting = false
[2026-06-08T19:22:45.173Z] [Engine] [DEBUG] Tick 1900000 | PC = 0x1002e064 | SP = 0x20041f80 | waiting = true
[2026-06-08T19:22:45.173Z] [Chassis] [DEBUG] Tick 1900000 | PC = 0x10033970 | SP = 0x20041f10 | waiting = false
[2026-06-08T19:22:45.173Z] [Body] [DEBUG] Tick 1900000 | PC = 0x1002e29a | SP = 0x20041ee0 | waiting = false
[2026-06-08T19:22:48.157Z] [Gateway] [DEBUG] Tick 1950000 | PC = 0x20000284 | SP = 0x20041ec8 | waiting = false
[2026-06-08T19:22:48.157Z] [Engine] [DEBUG] Tick 1950000 | PC = 0x10029ccc | SP = 0x20041fa0 | waiting = false
[2026-06-08T19:22:48.157Z] [Chassis] [DEBUG] Tick 1950000 | PC = 0x10033932 | SP = 0x20041f18 | waiting = false
[2026-06-08T19:22:48.157Z] [Body] [DEBUG] Tick 1950000 | PC = 0x1002e064 | SP = 0x20041f80 | waiting = true
[2026-06-08T19:22:51.130Z] [Gateway] [DEBUG] Tick 2000000 | PC = 0x100332f2 | SP = 0x20041f48 | waiting = false
[2026-06-08T19:22:51.130Z] [Engine] [DEBUG] Tick 2000000 | PC = 0x100337f4 | SP = 0x20041f50 | waiting = false
[2026-06-08T19:22:51.131Z] [Chassis] [DEBUG] Tick 2000000 | PC = 0x1002e444 | SP = 0x20041f28 | waiting = false
[2026-06-08T19:22:51.131Z] [Body] [DEBUG] Tick 2000000 | PC = 0x1002e440 | SP = 0x20041f48 | waiting = false
[2026-06-08T19:22:54.114Z] [Gateway] [DEBUG] Tick 2050000 | PC = 0x2632 | SP = 0x20041f30 | waiting = false
[2026-06-08T19:22:54.114Z] [Engine] [DEBUG] Tick 2050000 | PC = 0x1002df56 | SP = 0x20041f68 | waiting = false
[2026-06-08T19:22:54.114Z] [Chassis] [DEBUG] Tick 2050000 | PC = 0x1002e064 | SP = 0x20041f80 | waiting = true
[2026-06-08T19:22:54.114Z] [Body] [DEBUG] Tick 2050000 | PC = 0x1002e038 | SP = 0x20041f80 | waiting = false
[2026-06-08T19:22:57.110Z] [Gateway] [DEBUG] Tick 2100000 | PC = 0x1002e064 | SP = 0x20041f80 | waiting = true
[2026-06-08T19:22:57.110Z] [Engine] [DEBUG] Tick 2100000 | PC = 0x10033564 | SP = 0x20041f28 | waiting = false
[2026-06-08T19:22:57.110Z] [Chassis] [DEBUG] Tick 2100000 | PC = 0x1002df56 | SP = 0x20041f68 | waiting = false
[2026-06-08T19:22:57.110Z] [Body] [DEBUG] Tick 2100000 | PC = 0x10033a62 | SP = 0x20041f58 | waiting = false
[2026-06-08T19:23:00.085Z] [Gateway] [DEBUG] Tick 2150000 | PC = 0x10032b88 | SP = 0x20041f30 | waiting = false
[2026-06-08T19:23:00.085Z] [Engine] [DEBUG] Tick 2150000 | PC = 0x10029ce8 | SP = 0x20041fa0 | waiting = false
[2026-06-08T19:23:00.085Z] [Chassis] [DEBUG] Tick 2150000 | PC = 0x20005306 | SP = 0x20041ee4 | waiting = false
[2026-06-08T19:23:00.085Z] [Body] [DEBUG] Tick 2150000 | PC = 0x1002e280 | SP = 0x20041ee0 | waiting = false
[2026-06-08T19:23:03.095Z] [Gateway] [DEBUG] Tick 2200000 | PC = 0x10032fa8 | SP = 0x20041f48 | waiting = false
[2026-06-08T19:23:03.095Z] [Engine] [DEBUG] Tick 2200000 | PC = 0x10033932 | SP = 0x20041f18 | waiting = false
[2026-06-08T19:23:03.095Z] [Chassis] [DEBUG] Tick 2200000 | PC = 0x10033746 | SP = 0x20041f58 | waiting = false
[2026-06-08T19:23:03.095Z] [Body] [DEBUG] Tick 2200000 | PC = 0x1002e064 | SP = 0x20041f80 | waiting = true
[2026-06-08T19:23:06.544Z] [Gateway] [DEBUG] Tick 2250000 | PC = 0x1001e8c8 | SP = 0x20041f60 | waiting = false
[2026-06-08T19:23:06.544Z] [Engine] [DEBUG] Tick 2250000 | PC = 0x10032f8c | SP = 0x20041f48 | waiting = false
[2026-06-08T19:23:06.544Z] [Chassis] [DEBUG] Tick 2250000 | PC = 0x2638 | SP = 0x20041f10 | waiting = false
[2026-06-08T19:23:06.544Z] [Body] [DEBUG] Tick 2250000 | PC = 0x1002e260 | SP = 0x20041f10 | waiting = false
[2026-06-08T19:23:09.799Z] [Gateway] [DEBUG] Tick 2300000 | PC = 0x1002e064 | SP = 0x20041f80 | waiting = true
[2026-06-08T19:23:09.799Z] [Engine] [DEBUG] Tick 2300000 | PC = 0x2638 | SP = 0x20041ef0 | waiting = false
[2026-06-08T19:23:09.799Z] [Chassis] [DEBUG] Tick 2300000 | PC = 0x1002e170 | SP = 0x20041ee0 | waiting = false
[2026-06-08T19:23:09.799Z] [Body] [DEBUG] Tick 2300000 | PC = 0x20004d6c | SP = 0x20041f50 | waiting = false
[2026-06-08T19:23:12.799Z] [Gateway] [DEBUG] Tick 2350000 | PC = 0x1002df60 | SP = 0x20041f68 | waiting = false
[2026-06-08T19:23:12.799Z] [Engine] [DEBUG] Tick 2350000 | PC = 0x100336a0 | SP = 0x20041f48 | waiting = false
[2026-06-08T19:23:12.799Z] [Chassis] [DEBUG] Tick 2350000 | PC = 0x10033638 | SP = 0x20041ef0 | waiting = false
[2026-06-08T19:23:12.799Z] [Body] [DEBUG] Tick 2350000 | PC = 0x2634 | SP = 0x20041ef0 | waiting = false
[2026-06-08T19:23:15.774Z] [Gateway] [DEBUG] Tick 2400000 | PC = 0x1002e2b4 | SP = 0x20041ee0 | waiting = false
[2026-06-08T19:23:15.774Z] [Engine] [DEBUG] Tick 2400000 | PC = 0x1001855a | SP = 0x20041f88 | waiting = false
[2026-06-08T19:23:15.774Z] [Chassis] [DEBUG] Tick 2400000 | PC = 0x100337f0 | SP = 0x20041f50 | waiting = false
[2026-06-08T19:23:15.774Z] [Body] [DEBUG] Tick 2400000 | PC = 0x10033564 | SP = 0x20041f28 | waiting = false
[2026-06-08T19:23:18.656Z] [Gateway] [DEBUG] Tick 2450000 | PC = 0x1003333c | SP = 0x20041f28 | waiting = false
[2026-06-08T19:23:18.656Z] [Engine] [DEBUG] Tick 2450000 | PC = 0x20000358 | SP = 0x20041f00 | waiting = false
[2026-06-08T19:23:18.656Z] [Chassis] [DEBUG] Tick 2450000 | PC = 0x1003356a | SP = 0x20041f08 | waiting = false
[2026-06-08T19:23:18.656Z] [Body] [DEBUG] Tick 2450000 | PC = 0x1002e064 | SP = 0x20041f80 | waiting = true
[2026-06-08T19:23:21.835Z] [Gateway] [DEBUG] Tick 2500000 | PC = 0x1002e064 | SP = 0x20041f80 | waiting = true
[2026-06-08T19:23:21.835Z] [Engine] [DEBUG] Tick 2500000 | PC = 0x10033564 | SP = 0x20041f28 | waiting = false
[2026-06-08T19:23:21.835Z] [Chassis] [DEBUG] Tick 2500000 | PC = 0x10026e0e | SP = 0x20041fa0 | waiting = false
[2026-06-08T19:23:21.835Z] [Body] [DEBUG] Tick 2500000 | PC = 0x1002dbda | SP = 0x20041f10 | waiting = false
[2026-06-08T19:23:26.377Z] [Gateway] [DEBUG] Tick 2550000 | PC = 0x1002e280 | SP = 0x20041ee0 | waiting = false
[2026-06-08T19:23:26.377Z] [Engine] [DEBUG] Tick 2550000 | PC = 0x10029cd2 | SP = 0x20041fa0 | waiting = false
[2026-06-08T19:23:26.377Z] [Chassis] [DEBUG] Tick 2550000 | PC = 0x1002e28e | SP = 0x20041ee0 | waiting = false
[2026-06-08T19:23:26.377Z] [Body] [DEBUG] Tick 2550000 | PC = 0x1003392a | SP = 0x20041f18 | waiting = false
[2026-06-08T19:23:29.520Z] [Gateway] [DEBUG] Tick 2600000 | PC = 0x1002e168 | SP = 0x20041fa0 | waiting = false
[2026-06-08T19:23:29.520Z] [Engine] [DEBUG] Tick 2600000 | PC = 0x10032a3c | SP = 0x20041f00 | waiting = false
[2026-06-08T19:23:29.520Z] [Chassis] [DEBUG] Tick 2600000 | PC = 0x1002dc0c | SP = 0x20041f10 | waiting = false
[2026-06-08T19:23:29.520Z] [Body] [DEBUG] Tick 2600000 | PC = 0x2638 | SP = 0x20041ef0 | waiting = false
[2026-06-08T19:23:32.618Z] [Gateway] [DEBUG] Tick 2650000 | PC = 0x20005332 | SP = 0x20041f04 | waiting = false
[2026-06-08T19:23:32.618Z] [Engine] [DEBUG] Tick 2650000 | PC = 0x10032fa6 | SP = 0x20041f48 | waiting = false
[2026-06-08T19:23:32.618Z] [Chassis] [DEBUG] Tick 2650000 | PC = 0x10032b4c | SP = 0x20041f48 | waiting = false
[2026-06-08T19:23:32.618Z] [Body] [DEBUG] Tick 2650000 | PC = 0x10026e0e | SP = 0x20041fa0 | waiting = false
[2026-06-08T19:23:35.549Z] [Gateway] [DEBUG] Tick 2700000 | PC = 0x10032b1a | SP = 0x20041f48 | waiting = false
[2026-06-08T19:23:35.549Z] [Engine] [DEBUG] Tick 2700000 | PC = 0x10029c26 | SP = 0x20041f90 | waiting = false
[2026-06-08T19:23:35.549Z] [Chassis] [DEBUG] Tick 2700000 | PC = 0x1002df0e | SP = 0x20041f68 | waiting = false
[2026-06-08T19:23:35.549Z] [Body] [DEBUG] Tick 2700000 | PC = 0x10029cd6 | SP = 0x20041fa0 | waiting = false
[2026-06-08T19:23:38.409Z] [Gateway] [DEBUG] Tick 2750000 | PC = 0x1002df56 | SP = 0x20041f68 | waiting = false
[2026-06-08T19:23:38.409Z] [Engine] [DEBUG] Tick 2750000 | PC = 0x10033004 | SP = 0x20041f10 | waiting = false
[2026-06-08T19:23:38.409Z] [Chassis] [DEBUG] Tick 2750000 | PC = 0x1003330e | SP = 0x20041f48 | waiting = false
[2026-06-08T19:23:38.409Z] [Body] [DEBUG] Tick 2750000 | PC = 0x100335e6 | SP = 0x20041ee8 | waiting = false
[2026-06-08T19:23:41.279Z] [Gateway] [DEBUG] Tick 2800000 | PC = 0x1002e45c | SP = 0x20041f28 | waiting = false
[2026-06-08T19:23:41.279Z] [Engine] [DEBUG] Tick 2800000 | PC = 0x1002e064 | SP = 0x20041f80 | waiting = true
[2026-06-08T19:23:41.279Z] [Chassis] [DEBUG] Tick 2800000 | PC = 0x1002e064 | SP = 0x20041f80 | waiting = true
[2026-06-08T19:23:41.279Z] [Body] [DEBUG] Tick 2800000 | PC = 0x1002e174 | SP = 0x20041ee0 | waiting = false
[2026-06-08T19:23:44.176Z] [Gateway] [DEBUG] Tick 2850000 | PC = 0x10033628 | SP = 0x20041f00 | waiting = false
[2026-06-08T19:23:44.176Z] [Engine] [DEBUG] Tick 2850000 | PC = 0x1002df2a | SP = 0x20041f68 | waiting = false
[2026-06-08T19:23:44.176Z] [Chassis] [DEBUG] Tick 2850000 | PC = 0x10033606 | SP = 0x20041ee8 | waiting = false
[2026-06-08T19:23:44.176Z] [Body] [DEBUG] Tick 2850000 | PC = 0x100336c4 | SP = 0x20041f18 | waiting = false
[2026-06-08T19:23:47.023Z] [Gateway] [DEBUG] Tick 2900000 | PC = 0x20000670 | SP = 0x20041f28 | waiting = false
[2026-06-08T19:23:47.023Z] [Engine] [DEBUG] Tick 2900000 | PC = 0x10033932 | SP = 0x20041f18 | waiting = false
[2026-06-08T19:23:47.023Z] [Chassis] [DEBUG] Tick 2900000 | PC = 0x1003374a | SP = 0x20041f58 | waiting = false
[2026-06-08T19:23:47.023Z] [Body] [DEBUG] Tick 2900000 | PC = 0x10029bf6 | SP = 0x20041f90 | waiting = false
[2026-06-08T19:23:49.901Z] [Gateway] [DEBUG] Tick 2950000 | PC = 0x100334e8 | SP = 0x20041ed8 | waiting = false
[2026-06-08T19:23:49.901Z] [Engine] [DEBUG] Tick 2950000 | PC = 0x10029c9a | SP = 0x20041fa0 | waiting = false
[2026-06-08T19:23:49.901Z] [Chassis] [DEBUG] Tick 2950000 | PC = 0x2638 | SP = 0x20041ef0 | waiting = false
[2026-06-08T19:23:49.901Z] [Body] [DEBUG] Tick 2950000 | PC = 0x10033672 | SP = 0x20041ef0 | waiting = false
[2026-06-08T19:23:52.784Z] [Gateway] [DEBUG] Tick 3000000 | PC = 0x2638 | SP = 0x20041ef0 | waiting = false
[2026-06-08T19:23:52.784Z] [Engine] [DEBUG] Tick 3000000 | PC = 0x10033a62 | SP = 0x20041f58 | waiting = false
[2026-06-08T19:23:52.784Z] [Chassis] [DEBUG] Tick 3000000 | PC = 0x1002dac4 | SP = 0x20041f74 | waiting = false
[2026-06-08T19:23:52.784Z] [Body] [DEBUG] Tick 3000000 | PC = 0x20000358 | SP = 0x20041f00 | waiting = false
[2026-06-08T19:23:55.669Z] [Gateway] [DEBUG] Tick 3050000 | PC = 0x20004d6c | SP = 0x20041f50 | waiting = false
[2026-06-08T19:23:55.669Z] [Engine] [DEBUG] Tick 3050000 | PC = 0x1002e064 | SP = 0x20041f80 | waiting = true
[2026-06-08T19:23:55.669Z] [Chassis] [DEBUG] Tick 3050000 | PC = 0x10033648 | SP = 0x20041ef0 | waiting = false
[2026-06-08T19:23:55.669Z] [Body] [DEBUG] Tick 3050000 | PC = 0x1002e452 | SP = 0x20041f28 | waiting = false
[2026-06-08T19:23:58.785Z] [Gateway] [DEBUG] Tick 3100000 | PC = 0x1003320a | SP = 0x20041f48 | waiting = false
[2026-06-08T19:23:58.785Z] [Engine] [DEBUG] Tick 3100000 | PC = 0x1002dbda | SP = 0x20041f10 | waiting = false
[2026-06-08T19:23:58.785Z] [Chassis] [DEBUG] Tick 3100000 | PC = 0x10032f66 | SP = 0x20041f30 | waiting = false
[2026-06-08T19:23:58.785Z] [Body] [DEBUG] Tick 3100000 | PC = 0x1002e064 | SP = 0x20041f80 | waiting = true
[2026-06-08T19:24:01.648Z] [Gateway] [DEBUG] Tick 3150000 | PC = 0x2632 | SP = 0x20041f30 | waiting = false
[2026-06-08T19:24:01.648Z] [Engine] [DEBUG] Tick 3150000 | PC = 0x10032a16 | SP = 0x20041f00 | waiting = false
[2026-06-08T19:24:01.648Z] [Chassis] [DEBUG] Tick 3150000 | PC = 0x1002e440 | SP = 0x20041f48 | waiting = false
[2026-06-08T19:24:01.648Z] [Body] [DEBUG] Tick 3150000 | PC = 0x1002dbaa | SP = 0x20041f10 | waiting = false
[2026-06-08T19:24:04.503Z] [Gateway] [DEBUG] Tick 3200000 | PC = 0x1002e064 | SP = 0x20041f80 | waiting = true
[2026-06-08T19:24:04.503Z] [Engine] [DEBUG] Tick 3200000 | PC = 0x10026e0e | SP = 0x20041fa0 | waiting = false
[2026-06-08T19:24:04.503Z] [Chassis] [DEBUG] Tick 3200000 | PC = 0x2632 | SP = 0x20041ef0 | waiting = false
[2026-06-08T19:24:04.503Z] [Body] [DEBUG] Tick 3200000 | PC = 0x1001e8c8 | SP = 0x20041f60 | waiting = false
[2026-06-08T19:24:07.769Z] [Gateway] [DEBUG] Tick 3250000 | PC = 0x1002e16e | SP = 0x20041ee0 | waiting = false
[2026-06-08T19:24:07.769Z] [Engine] [DEBUG] Tick 3250000 | PC = 0x1003330e | SP = 0x20041f48 | waiting = false
[2026-06-08T19:24:07.769Z] [Chassis] [DEBUG] Tick 3250000 | PC = 0x10033012 | SP = 0x20041f10 | waiting = false
[2026-06-08T19:24:07.769Z] [Body] [DEBUG] Tick 3250000 | PC = 0x100329cc | SP = 0x20041ef0 | waiting = false
[2026-06-08T19:24:10.610Z] [Gateway] [DEBUG] Tick 3300000 | PC = 0x10033a4c | SP = 0x20041f58 | waiting = false
[2026-06-08T19:24:10.610Z] [Engine] [DEBUG] Tick 3300000 | PC = 0x1002dbda | SP = 0x20041f10 | waiting = false
[2026-06-08T19:24:10.610Z] [Chassis] [DEBUG] Tick 3300000 | PC = 0x1002e064 | SP = 0x20041f80 | waiting = true
[2026-06-08T19:24:10.610Z] [Body] [DEBUG] Tick 3300000 | PC = 0x1003330e | SP = 0x20041f48 | waiting = false
[2026-06-08T19:24:13.484Z] [Gateway] [DEBUG] Tick 3350000 | PC = 0x20005332 | SP = 0x20041f04 | waiting = false
[2026-06-08T19:24:13.485Z] [Engine] [DEBUG] Tick 3350000 | PC = 0x20000282 | SP = 0x20041ee8 | waiting = false
[2026-06-08T19:24:13.485Z] [Chassis] [DEBUG] Tick 3350000 | PC = 0x10032fa8 | SP = 0x20041f48 | waiting = false
[2026-06-08T19:24:13.485Z] [Body] [DEBUG] Tick 3350000 | PC = 0x1002e170 | SP = 0x20041ee0 | waiting = false
[2026-06-08T19:24:16.310Z] [Gateway] [DEBUG] Tick 3400000 | PC = 0x2000033c | SP = 0x20041ee8 | waiting = false
[2026-06-08T19:24:16.310Z] [Engine] [DEBUG] Tick 3400000 | PC = 0x1002df24 | SP = 0x20041f68 | waiting = false
[2026-06-08T19:24:16.311Z] [Chassis] [DEBUG] Tick 3400000 | PC = 0x10034126 | SP = 0x20041f20 | waiting = false
[2026-06-08T19:24:16.311Z] [Body] [DEBUG] Tick 3400000 | PC = 0x10032a3c | SP = 0x20041f00 | waiting = false
[2026-06-08T19:24:19.121Z] [Gateway] [DEBUG] Tick 3450000 | PC = 0x10026e16 | SP = 0x20041f98 | waiting = false
[2026-06-08T19:24:19.121Z] [Engine] [DEBUG] Tick 3450000 | PC = 0x100329cc | SP = 0x20041ef0 | waiting = false
[2026-06-08T19:24:19.121Z] [Chassis] [DEBUG] Tick 3450000 | PC = 0x10029c98 | SP = 0x20041fa0 | waiting = false
[2026-06-08T19:24:19.121Z] [Body] [DEBUG] Tick 3450000 | PC = 0x1002df56 | SP = 0x20041f68 | waiting = false
[2026-06-08T19:24:21.970Z] [Gateway] [DEBUG] Tick 3500000 | PC = 0x1002e4b6 | SP = 0x20041f58 | waiting = false
[2026-06-08T19:24:21.970Z] [Engine] [DEBUG] Tick 3500000 | PC = 0x10026e16 | SP = 0x20041f98 | waiting = false
[2026-06-08T19:24:21.970Z] [Chassis] [DEBUG] Tick 3500000 | PC = 0x1003300a | SP = 0x20041f10 | waiting = false
[2026-06-08T19:24:21.970Z] [Body] [DEBUG] Tick 3500000 | PC = 0x100332b2 | SP = 0x20041f28 | waiting = false
[2026-06-08T19:24:24.807Z] [Gateway] [DEBUG] Tick 3550000 | PC = 0x1002e168 | SP = 0x20041ee0 | waiting = false
[2026-06-08T19:24:24.807Z] [Engine] [DEBUG] Tick 3550000 | PC = 0x10018506 | SP = 0x20041f88 | waiting = false
[2026-06-08T19:24:24.807Z] [Chassis] [DEBUG] Tick 3550000 | PC = 0x1002e064 | SP = 0x20041f80 | waiting = true
[2026-06-08T19:24:24.807Z] [Body] [DEBUG] Tick 3550000 | PC = 0x1002dab4 | SP = 0x20041f80 | waiting = false
[2026-06-08T19:24:27.649Z] [Gateway] [DEBUG] Tick 3600000 | PC = 0x100336fe | SP = 0x20041f28 | waiting = false
[2026-06-08T19:24:27.649Z] [Engine] [DEBUG] Tick 3600000 | PC = 0x10032fa8 | SP = 0x20041f48 | waiting = false
[2026-06-08T19:24:27.649Z] [Chassis] [DEBUG] Tick 3600000 | PC = 0x10032fbc | SP = 0x20041f48 | waiting = false
[2026-06-08T19:24:27.649Z] [Body] [DEBUG] Tick 3600000 | PC = 0x10033676 | SP = 0x20041ef0 | waiting = false
[2026-06-08T19:24:30.437Z] [Gateway] [DEBUG] Tick 3650000 | PC = 0x10033a66 | SP = 0x20041f58 | waiting = false
[2026-06-08T19:24:30.437Z] [Engine] [DEBUG] Tick 3650000 | PC = 0x10032f62 | SP = 0x20041f30 | waiting = false
[2026-06-08T19:24:30.437Z] [Chassis] [DEBUG] Tick 3650000 | PC = 0x10029c9a | SP = 0x20041fa0 | waiting = false
[2026-06-08T19:24:30.437Z] [Body] [DEBUG] Tick 3650000 | PC = 0x263a | SP = 0x20041f30 | waiting = false
[2026-06-08T19:24:33.691Z] [Gateway] [DEBUG] Tick 3700000 | PC = 0x263a | SP = 0x20041ef0 | waiting = false
[2026-06-08T19:24:33.691Z] [Engine] [DEBUG] Tick 3700000 | PC = 0x1002dac4 | SP = 0x20041f74 | waiting = false
[2026-06-08T19:24:33.691Z] [Chassis] [DEBUG] Tick 3700000 | PC = 0x10033348 | SP = 0x20041f28 | waiting = false
[2026-06-08T19:24:33.691Z] [Body] [DEBUG] Tick 3700000 | PC = 0x100332e2 | SP = 0x20041f48 | waiting = false
[2026-06-08T19:24:36.879Z] [Gateway] [DEBUG] Tick 3750000 | PC = 0x10033454 | SP = 0x20041f08 | waiting = false
[2026-06-08T19:24:36.880Z] [Engine] [DEBUG] Tick 3750000 | PC = 0x1003320e | SP = 0x20041f48 | waiting = false
[2026-06-08T19:24:36.880Z] [Chassis] [DEBUG] Tick 3750000 | PC = 0x1002dc48 | SP = 0x20041f10 | waiting = false
[2026-06-08T19:24:36.880Z] [Body] [DEBUG] Tick 3750000 | PC = 0x1003352e | SP = 0x20041f18 | waiting = false
[2026-06-08T19:24:41.674Z] [Gateway] [DEBUG] Tick 3800000 | PC = 0x10032f98 | SP = 0x20041f48 | waiting = false
[2026-06-08T19:24:41.674Z] [Engine] [DEBUG] Tick 3800000 | PC = 0x1002e064 | SP = 0x20041f80 | waiting = true
[2026-06-08T19:24:41.674Z] [Chassis] [DEBUG] Tick 3800000 | PC = 0x10033676 | SP = 0x20041ef0 | waiting = false
[2026-06-08T19:24:41.674Z] [Body] [DEBUG] Tick 3800000 | PC = 0x1002df6e | SP = 0x20041f68 | waiting = false
[2026-06-08T19:24:45.017Z] [Gateway] [DEBUG] Tick 3850000 | PC = 0x100344b8 | SP = 0x20041f44 | waiting = false
[2026-06-08T19:24:45.017Z] [Engine] [DEBUG] Tick 3850000 | PC = 0x10032a2e | SP = 0x20041f00 | waiting = false
[2026-06-08T19:24:45.017Z] [Chassis] [DEBUG] Tick 3850000 | PC = 0x2636 | SP = 0x20041f30 | waiting = false
[2026-06-08T19:24:45.017Z] [Body] [DEBUG] Tick 3850000 | PC = 0x1002dbaa | SP = 0x20041f10 | waiting = false
[2026-06-08T19:24:47.769Z] [Gateway] [DEBUG] Tick 3900000 | PC = 0x1002e064 | SP = 0x20041f80 | waiting = true
[2026-06-08T19:24:47.769Z] [Engine] [DEBUG] Tick 3900000 | PC = 0x10026e0e | SP = 0x20041fa0 | waiting = false
[2026-06-08T19:24:47.769Z] [Chassis] [DEBUG] Tick 3900000 | PC = 0x100332b4 | SP = 0x20041f48 | waiting = false
[2026-06-08T19:24:47.769Z] [Body] [DEBUG] Tick 3900000 | PC = 0x20000284 | SP = 0x20041ec8 | waiting = false
[2026-06-08T19:24:50.352Z] [Gateway] [DEBUG] Tick 3950000 | PC = 0x1002e280 | SP = 0x20041ee0 | waiting = false
[2026-06-08T19:24:50.352Z] [Engine] [DEBUG] Tick 3950000 | PC = 0x1003333c | SP = 0x20041f28 | waiting = false
[2026-06-08T19:24:50.352Z] [Chassis] [DEBUG] Tick 3950000 | PC = 0x1002e064 | SP = 0x20041f80 | waiting = true
[2026-06-08T19:24:50.352Z] [Body] [DEBUG] Tick 3950000 | PC = 0x1002df24 | SP = 0x20041f68 | waiting = false
[2026-06-08T19:24:53.278Z] [Gateway] [DEBUG] Tick 4000000 | PC = 0x10033460 | SP = 0x20041f08 | waiting = false
[2026-06-08T19:24:53.278Z] [Engine] [DEBUG] Tick 4000000 | PC = 0x10032b82 | SP = 0x20041f30 | waiting = false
[2026-06-08T19:24:53.278Z] [Chassis] [DEBUG] Tick 4000000 | PC = 0x1002df6e | SP = 0x20041f68 | waiting = false
[2026-06-08T19:24:53.278Z] [Body] [DEBUG] Tick 4000000 | PC = 0x100336a8 | SP = 0x20041f18 | waiting = false
[2026-06-08T19:24:55.974Z] [Gateway] [DEBUG] Tick 4050000 | PC = 0x20005332 | SP = 0x20041f04 | waiting = false
[2026-06-08T19:24:55.974Z] [Engine] [DEBUG] Tick 4050000 | PC = 0x10032b1e | SP = 0x20041f48 | waiting = false
[2026-06-08T19:24:55.974Z] [Chassis] [DEBUG] Tick 4050000 | PC = 0x200002a8 | SP = 0x20041ec8 | waiting = false
[2026-06-08T19:24:55.974Z] [Body] [DEBUG] Tick 4050000 | PC = 0x10029bf6 | SP = 0x20041f90 | waiting = false
[2026-06-08T19:24:58.315Z] [Gateway] [DEBUG] Tick 4100000 | PC = 0x10034768 | SP = 0x20041f00 | waiting = false
[2026-06-08T19:24:58.315Z] [Engine] [DEBUG] Tick 4100000 | PC = 0x20000284 | SP = 0x20041ec8 | waiting = false
[2026-06-08T19:24:58.315Z] [Chassis] [DEBUG] Tick 4100000 | PC = 0x2636 | SP = 0x20041f30 | waiting = false
[2026-06-08T19:24:58.315Z] [Body] [DEBUG] Tick 4100000 | PC = 0x10033638 | SP = 0x20041ef0 | waiting = false
[2026-06-08T19:25:00.629Z] [Gateway] [DEBUG] Tick 4150000 | PC = 0x10033564 | SP = 0x20041f28 | waiting = false
[2026-06-08T19:25:00.629Z] [Engine] [DEBUG] Tick 4150000 | PC = 0x1002df24 | SP = 0x20041f68 | waiting = false
[2026-06-08T19:25:00.629Z] [Chassis] [DEBUG] Tick 4150000 | PC = 0x10033342 | SP = 0x20041f48 | waiting = false
[2026-06-08T19:25:00.629Z] [Body] [DEBUG] Tick 4150000 | PC = 0x100344b8 | SP = 0x20041f44 | waiting = false
[2026-06-08T19:25:03.023Z] [Gateway] [DEBUG] Tick 4200000 | PC = 0x10034140 | SP = 0x20041f20 | waiting = false
[2026-06-08T19:25:03.023Z] [Engine] [DEBUG] Tick 4200000 | PC = 0x10029c9a | SP = 0x20041fa0 | waiting = false
[2026-06-08T19:25:03.023Z] [Chassis] [DEBUG] Tick 4200000 | PC = 0x1002dc06 | SP = 0x20041f10 | waiting = false
[2026-06-08T19:25:03.023Z] [Body] [DEBUG] Tick 4200000 | PC = 0x20005500 | SP = 0x20041f28 | waiting = false
[2026-06-08T19:25:05.494Z] [Gateway] [DEBUG] Tick 4250000 | PC = 0x1002e064 | SP = 0x20041f80 | waiting = true
[2026-06-08T19:25:05.494Z] [Engine] [DEBUG] Tick 4250000 | PC = 0x1003374a | SP = 0x20041f28 | waiting = false
[2026-06-08T19:25:05.494Z] [Chassis] [DEBUG] Tick 4250000 | PC = 0x100334e8 | SP = 0x20041ed8 | waiting = false
[2026-06-08T19:25:05.494Z] [Body] [DEBUG] Tick 4250000 | PC = 0x1002e064 | SP = 0x20041f80 | waiting = true
[2026-06-08T19:25:08.903Z] [Gateway] [DEBUG] Tick 4300000 | PC = 0x10029bf4 | SP = 0x20041fa0 | waiting = false
[2026-06-08T19:25:08.903Z] [Engine] [DEBUG] Tick 4300000 | PC = 0x1002de86 | SP = 0x20041f38 | waiting = false
[2026-06-08T19:25:08.903Z] [Chassis] [DEBUG] Tick 4300000 | PC = 0x10029bf4 | SP = 0x20041fa0 | waiting = false
[2026-06-08T19:25:08.903Z] [Body] [DEBUG] Tick 4300000 | PC = 0x1002dbb8 | SP = 0x20041f10 | waiting = false
[2026-06-08T19:25:11.882Z] [Gateway] [DEBUG] Tick 4350000 | PC = 0x1002de84 | SP = 0x20041f38 | waiting = false
[2026-06-08T19:25:11.882Z] [Engine] [DEBUG] Tick 4350000 | PC = 0x1002de52 | SP = 0x20041f38 | waiting = false
[2026-06-08T19:25:11.882Z] [Chassis] [DEBUG] Tick 4350000 | PC = 0x10033334 | SP = 0x20041f28 | waiting = false
[2026-06-08T19:25:11.882Z] [Body] [DEBUG] Tick 4350000 | PC = 0x10033a3c | SP = 0x20041f98 | waiting = false
[2026-06-08T19:25:15.303Z] [Gateway] [DEBUG] Tick 4400000 | PC = 0x263c | SP = 0x20041f30 | waiting = false
[2026-06-08T19:25:15.303Z] [Engine] [DEBUG] Tick 4400000 | PC = 0x10029bf4 | SP = 0x20041fa0 | waiting = false
[2026-06-08T19:25:15.303Z] [Chassis] [DEBUG] Tick 4400000 | PC = 0x20000668 | SP = 0x20041f28 | waiting = false
[2026-06-08T19:25:15.303Z] [Body] [DEBUG] Tick 4400000 | PC = 0x1003330a | SP = 0x20041f28 | waiting = false
[2026-06-08T19:25:18.281Z] [Gateway] [DEBUG] Tick 4450000 | PC = 0x1002e064 | SP = 0x20041f80 | waiting = true
[2026-06-08T19:25:18.281Z] [Engine] [DEBUG] Tick 4450000 | PC = 0x100332e2 | SP = 0x20041f28 | waiting = false
[2026-06-08T19:25:18.281Z] [Chassis] [DEBUG] Tick 4450000 | PC = 0x1002de9e | SP = 0x20041f38 | waiting = false
[2026-06-08T19:25:18.281Z] [Body] [DEBUG] Tick 4450000 | PC = 0x1002de5a | SP = 0x20041f38 | waiting = false
[2026-06-08T19:25:21.163Z] [Gateway] [DEBUG] Tick 4500000 | PC = 0x2636 | SP = 0x20041f30 | waiting = false
[2026-06-08T19:25:21.163Z] [Engine] [DEBUG] Tick 4500000 | PC = 0x10033208 | SP = 0x20041f48 | waiting = false
[2026-06-08T19:25:21.163Z] [Chassis] [DEBUG] Tick 4500000 | PC = 0x10032b7e | SP = 0x20041f30 | waiting = false
[2026-06-08T19:25:21.163Z] [Body] [DEBUG] Tick 4500000 | PC = 0x2638 | SP = 0x20041f30 | waiting = false
[2026-06-08T19:25:24.014Z] [Gateway] [DEBUG] Tick 4550000 | PC = 0x1002de9e | SP = 0x20041f38 | waiting = false
[2026-06-08T19:25:24.014Z] [Engine] [DEBUG] Tick 4550000 | PC = 0x1002dbda | SP = 0x20041f10 | waiting = false
[2026-06-08T19:25:24.014Z] [Chassis] [DEBUG] Tick 4550000 | PC = 0x10032f76 | SP = 0x20041f18 | waiting = false
[2026-06-08T19:25:24.014Z] [Body] [DEBUG] Tick 4550000 | PC = 0x20000688 | SP = 0x20041f08 | waiting = false
[2026-06-08T19:25:26.859Z] [Gateway] [DEBUG] Tick 4600000 | PC = 0x1002e4b6 | SP = 0x20041f58 | waiting = false
[2026-06-08T19:25:26.859Z] [Engine] [DEBUG] Tick 4600000 | PC = 0x10031b84 | SP = 0x20041ee4 | waiting = false
[2026-06-08T19:25:26.859Z] [Chassis] [DEBUG] Tick 4600000 | PC = 0x1002dabc | SP = 0x20041f74 | waiting = false
[2026-06-08T19:25:26.859Z] [Body] [DEBUG] Tick 4600000 | PC = 0x20000668 | SP = 0x20041f28 | waiting = false
[2026-06-08T19:25:29.716Z] [Gateway] [DEBUG] Tick 4650000 | PC = 0x1003397e | SP = 0x20041f10 | waiting = false
[2026-06-08T19:25:29.716Z] [Engine] [DEBUG] Tick 4650000 | PC = 0x1002dac4 | SP = 0x20041f74 | waiting = false
[2026-06-08T19:25:29.717Z] [Chassis] [DEBUG] Tick 4650000 | PC = 0x20005500 | SP = 0x20041f28 | waiting = false
[2026-06-08T19:25:29.717Z] [Body] [DEBUG] Tick 4650000 | PC = 0x1002dbb8 | SP = 0x20041f10 | waiting = false
[2026-06-08T19:25:32.890Z] [Gateway] [DEBUG] Tick 4700000 | PC = 0x1003331c | SP = 0x20041f48 | waiting = false
[2026-06-08T19:25:32.890Z] [Engine] [DEBUG] Tick 4700000 | PC = 0x20000688 | SP = 0x20041f08 | waiting = false
[2026-06-08T19:25:32.890Z] [Chassis] [DEBUG] Tick 4700000 | PC = 0x1002e2c8 | SP = 0x20041ee0 | waiting = false
[2026-06-08T19:25:32.890Z] [Body] [DEBUG] Tick 4700000 | PC = 0x100334e8 | SP = 0x20041ed8 | waiting = false
[2026-06-08T19:25:36.309Z] [Gateway] [DEBUG] Tick 4750000 | PC = 0x10033698 | SP = 0x20041f00 | waiting = false
[2026-06-08T19:25:36.309Z] [Engine] [DEBUG] Tick 4750000 | PC = 0x100332f2 | SP = 0x20041f48 | waiting = false
[2026-06-08T19:25:36.309Z] [Chassis] [DEBUG] Tick 4750000 | PC = 0x10032d5a | SP = 0x20041f40 | waiting = false
[2026-06-08T19:25:36.309Z] [Body] [DEBUG] Tick 4750000 | PC = 0x1002dec8 | SP = 0x20041f38 | waiting = false
[2026-06-08T19:25:39.202Z] [Gateway] [DEBUG] Tick 4800000 | PC = 0x1002e064 | SP = 0x20041f80 | waiting = true
[2026-06-08T19:25:39.202Z] [Engine] [DEBUG] Tick 4800000 | PC = 0x1002de9e | SP = 0x20041f38 | waiting = false
[2026-06-08T19:25:39.202Z] [Chassis] [DEBUG] Tick 4800000 | PC = 0x10032f66 | SP = 0x20041f30 | waiting = false
[2026-06-08T19:25:39.202Z] [Body] [DEBUG] Tick 4800000 | PC = 0x1002e064 | SP = 0x20041f80 | waiting = true
[2026-06-08T19:25:42.025Z] [Gateway] [DEBUG] Tick 4850000 | PC = 0x10032b4c | SP = 0x20041f48 | waiting = false
[2026-06-08T19:25:42.026Z] [Engine] [DEBUG] Tick 4850000 | PC = 0x10032fa8 | SP = 0x20041f48 | waiting = false
[2026-06-08T19:25:42.026Z] [Chassis] [DEBUG] Tick 4850000 | PC = 0x10029bf4 | SP = 0x20041fa0 | waiting = false
[2026-06-08T19:25:42.026Z] [Body] [DEBUG] Tick 4850000 | PC = 0x1002e05a | SP = 0x20041f80 | waiting = false
[2026-06-08T19:25:44.851Z] [Gateway] [DEBUG] Tick 4900000 | PC = 0x10026e0e | SP = 0x20041fa0 | waiting = false
[2026-06-08T19:25:44.851Z] [Engine] [DEBUG] Tick 4900000 | PC = 0x2634 | SP = 0x20041f30 | waiting = false
[2026-06-08T19:25:44.851Z] [Chassis] [DEBUG] Tick 4900000 | PC = 0x1003374a | SP = 0x20041f28 | waiting = false
[2026-06-08T19:25:44.851Z] [Body] [DEBUG] Tick 4900000 | PC = 0x100344b6 | SP = 0x20041f44 | waiting = false
[2026-06-08T19:25:47.612Z] [Gateway] [DEBUG] Tick 4950000 | PC = 0x10032b5a | SP = 0x20041f30 | waiting = false
[2026-06-08T19:25:47.612Z] [Engine] [DEBUG] Tick 4950000 | PC = 0x2642 | SP = 0x20041f30 | waiting = false
[2026-06-08T19:25:47.612Z] [Chassis] [DEBUG] Tick 4950000 | PC = 0x100334d2 | SP = 0x20041ed8 | waiting = false
[2026-06-08T19:25:47.612Z] [Body] [DEBUG] Tick 4950000 | PC = 0x2636 | SP = 0x20041f30 | waiting = false
[2026-06-08T19:25:51.106Z] [Gateway] [DEBUG] Tick 5000000 | PC = 0x1002dbda | SP = 0x20041f10 | waiting = false
[2026-06-08T19:25:51.106Z] [Engine] [DEBUG] Tick 5000000 | PC = 0x1002dbaa | SP = 0x20041f10 | waiting = false
[2026-06-08T19:25:51.106Z] [Chassis] [DEBUG] Tick 5000000 | PC = 0x10033ed4 | SP = 0x20041f58 | waiting = false
[2026-06-08T19:25:51.106Z] [Body] [DEBUG] Tick 5000000 | PC = 0x200055b8 | SP = 0x20041f28 | waiting = false
[2026-06-08T19:25:55.329Z] [Gateway] [DEBUG] Tick 5050000 | PC = 0x1002e280 | SP = 0x20041ee0 | waiting = false
[2026-06-08T19:25:55.329Z] [Engine] [DEBUG] Tick 5050000 | PC = 0x1002e064 | SP = 0x20041f80 | waiting = true
[2026-06-08T19:25:55.329Z] [Chassis] [DEBUG] Tick 5050000 | PC = 0x1002db9e | SP = 0x20041f24 | waiting = false
[2026-06-08T19:25:55.329Z] [Body] [DEBUG] Tick 5050000 | PC = 0x1002de86 | SP = 0x20041f38 | waiting = false
[2026-06-08T19:25:58.400Z] [Gateway] [DEBUG] Tick 5100000 | PC = 0x1002e168 | SP = 0x20041fa0 | waiting = false
[2026-06-08T19:25:58.400Z] [Engine] [DEBUG] Tick 5100000 | PC = 0x1002de6c | SP = 0x20041f38 | waiting = false
[2026-06-08T19:25:58.400Z] [Chassis] [DEBUG] Tick 5100000 | PC = 0x1002e2c8 | SP = 0x20041ee0 | waiting = false
[2026-06-08T19:25:58.400Z] [Body] [DEBUG] Tick 5100000 | PC = 0x1002e472 | SP = 0x20041f28 | waiting = false
[2026-06-08T19:26:01.231Z] [Gateway] [DEBUG] Tick 5150000 | PC = 0x20000626 | SP = 0x20041f08 | waiting = false
[2026-06-08T19:26:01.231Z] [Engine] [DEBUG] Tick 5150000 | PC = 0x2636 | SP = 0x20041f30 | waiting = false
[2026-06-08T19:26:01.232Z] [Chassis] [DEBUG] Tick 5150000 | PC = 0x1002de52 | SP = 0x20041f38 | waiting = false
[2026-06-08T19:26:01.232Z] [Body] [DEBUG] Tick 5150000 | PC = 0x10033628 | SP = 0x20041f00 | waiting = false
[2026-06-08T19:26:04.501Z] [Gateway] [DEBUG] Tick 5200000 | PC = 0x2638 | SP = 0x20041f30 | waiting = false
[2026-06-08T19:26:04.501Z] [Engine] [DEBUG] Tick 5200000 | PC = 0x1003333c | SP = 0x20041f28 | waiting = false
[2026-06-08T19:26:04.501Z] [Chassis] [DEBUG] Tick 5200000 | PC = 0x2000033c | SP = 0x20041ee8 | waiting = false
[2026-06-08T19:26:04.501Z] [Body] [DEBUG] Tick 5200000 | PC = 0x1002e168 | SP = 0x20041ee8 | waiting = false
[2026-06-08T19:26:07.396Z] [Gateway] [DEBUG] Tick 5250000 | PC = 0x1002e2c8 | SP = 0x20041ee0 | waiting = false
[2026-06-08T19:26:07.396Z] [Engine] [DEBUG] Tick 5250000 | PC = 0x10033024 | SP = 0x20041f10 | waiting = false
[2026-06-08T19:26:07.396Z] [Chassis] [DEBUG] Tick 5250000 | PC = 0x2642 | SP = 0x20041f30 | waiting = false
[2026-06-08T19:26:07.396Z] [Body] [DEBUG] Tick 5250000 | PC = 0x1002db9e | SP = 0x20041f24 | waiting = false
[2026-06-08T19:26:10.298Z] [Gateway] [DEBUG] Tick 5300000 | PC = 0x2640 | SP = 0x20041ef0 | waiting = false
[2026-06-08T19:26:10.298Z] [Engine] [DEBUG] Tick 5300000 | PC = 0x1002e064 | SP = 0x20041f80 | waiting = true
[2026-06-08T19:26:10.298Z] [Chassis] [DEBUG] Tick 5300000 | PC = 0x1002dbae | SP = 0x20041f10 | waiting = false
[2026-06-08T19:26:10.298Z] [Body] [DEBUG] Tick 5300000 | PC = 0x1002e064 | SP = 0x20041f80 | waiting = true
[2026-06-08T19:26:13.131Z] [Gateway] [DEBUG] Tick 5350000 | PC = 0x10033932 | SP = 0x20041f18 | waiting = false
[2026-06-08T19:26:13.131Z] [Engine] [DEBUG] Tick 5350000 | PC = 0x1002e2a4 | SP = 0x20041ee0 | waiting = false
[2026-06-08T19:26:13.131Z] [Chassis] [DEBUG] Tick 5350000 | PC = 0x1002e064 | SP = 0x20041f80 | waiting = true
[2026-06-08T19:26:13.132Z] [Body] [DEBUG] Tick 5350000 | PC = 0x1002e2be | SP = 0x20041ee0 | waiting = false
[2026-06-08T19:26:16.076Z] [Gateway] [DEBUG] Tick 5400000 | PC = 0x1003354c | SP = 0x20041f28 | waiting = false
[2026-06-08T19:26:16.076Z] [Engine] [DEBUG] Tick 5400000 | PC = 0x2000032c | SP = 0x20041ee8 | waiting = false
[2026-06-08T19:26:16.076Z] [Chassis] [DEBUG] Tick 5400000 | PC = 0x1002e032 | SP = 0x20041f80 | waiting = false
[2026-06-08T19:26:16.076Z] [Body] [DEBUG] Tick 5400000 | PC = 0x20000284 | SP = 0x20041ec8 | waiting = false
[2026-06-08T19:26:19.021Z] [Gateway] [DEBUG] Tick 5450000 | PC = 0x10033f00 | SP = 0x20041f58 | waiting = false
[2026-06-08T19:26:19.021Z] [Engine] [DEBUG] Tick 5450000 | PC = 0x1002df66 | SP = 0x20041f68 | waiting = false
[2026-06-08T19:26:19.021Z] [Chassis] [DEBUG] Tick 5450000 | PC = 0x100334d2 | SP = 0x20041ed8 | waiting = false
[2026-06-08T19:26:19.021Z] [Body] [DEBUG] Tick 5450000 | PC = 0x10032b72 | SP = 0x20041f30 | waiting = false
[2026-06-08T19:26:21.853Z] [Gateway] [DEBUG] Tick 5500000 | PC = 0x1002e064 | SP = 0x20041f80 | waiting = true
[2026-06-08T19:26:21.853Z] [Engine] [DEBUG] Tick 5500000 | PC = 0x1003320e | SP = 0x20041f48 | waiting = false
[2026-06-08T19:26:21.853Z] [Chassis] [DEBUG] Tick 5500000 | PC = 0x20000320 | SP = 0x20041ee8 | waiting = false
[2026-06-08T19:26:21.853Z] [Body] [DEBUG] Tick 5500000 | PC = 0x1003301c | SP = 0x20041f10 | waiting = false
[2026-06-08T19:26:25.170Z] [Gateway] [DEBUG] Tick 5550000 | PC = 0x1002e2b0 | SP = 0x20041ee0 | waiting = false
[2026-06-08T19:26:25.170Z] [Engine] [DEBUG] Tick 5550000 | PC = 0x10032b7e | SP = 0x20041f30 | waiting = false
[2026-06-08T19:26:25.170Z] [Chassis] [DEBUG] Tick 5550000 | PC = 0x10029bf4 | SP = 0x20041fa0 | waiting = false
[2026-06-08T19:26:25.170Z] [Body] [DEBUG] Tick 5550000 | PC = 0x1002e064 | SP = 0x20041f80 | waiting = true
[2026-06-08T19:26:28.029Z] [Gateway] [DEBUG] Tick 5600000 | PC = 0x100344ea | SP = 0x20041f30 | waiting = false
[2026-06-08T19:26:28.029Z] [Engine] [DEBUG] Tick 5600000 | PC = 0x10033984 | SP = 0x20041f10 | waiting = false
[2026-06-08T19:26:28.029Z] [Chassis] [DEBUG] Tick 5600000 | PC = 0x200055b4 | SP = 0x20041f04 | waiting = false
[2026-06-08T19:26:28.029Z] [Body] [DEBUG] Tick 5600000 | PC = 0x1002e2b0 | SP = 0x20041ee0 | waiting = false
[2026-06-08T19:26:30.920Z] [Gateway] [DEBUG] Tick 5650000 | PC = 0x1002e064 | SP = 0x20041f80 | waiting = true
[2026-06-08T19:26:30.920Z] [Engine] [DEBUG] Tick 5650000 | PC = 0x1002e042 | SP = 0x20041f80 | waiting = false
[2026-06-08T19:26:30.920Z] [Chassis] [DEBUG] Tick 5650000 | PC = 0x10032f8c | SP = 0x20041f48 | waiting = false
[2026-06-08T19:26:30.920Z] [Body] [DEBUG] Tick 5650000 | PC = 0x100334d2 | SP = 0x20041ed8 | waiting = false
[2026-06-08T19:26:33.837Z] [Gateway] [DEBUG] Tick 5700000 | PC = 0x2634 | SP = 0x20041f30 | waiting = false
[2026-06-08T19:26:33.837Z] [Engine] [DEBUG] Tick 5700000 | PC = 0x100332f2 | SP = 0x20041f28 | waiting = false
[2026-06-08T19:26:33.837Z] [Chassis] [DEBUG] Tick 5700000 | PC = 0x1002e05a | SP = 0x20041f80 | waiting = false
[2026-06-08T19:26:33.837Z] [Body] [DEBUG] Tick 5700000 | PC = 0x10033ef4 | SP = 0x20041f58 | waiting = false
[2026-06-08T19:26:37.323Z] [Gateway] [DEBUG] Tick 5750000 | PC = 0x10033a62 | SP = 0x20041f58 | waiting = false
[2026-06-08T19:26:37.323Z] [Engine] [DEBUG] Tick 5750000 | PC = 0x1002e2b0 | SP = 0x20041ee0 | waiting = false
[2026-06-08T19:26:37.323Z] [Chassis] [DEBUG] Tick 5750000 | PC = 0x10033962 | SP = 0x20041f10 | waiting = false
[2026-06-08T19:26:37.323Z] [Body] [DEBUG] Tick 5750000 | PC = 0x1002db9c | SP = 0x20041f38 | waiting = false
[2026-06-08T19:26:40.311Z] [Gateway] [DEBUG] Tick 5800000 | PC = 0x263c | SP = 0x20041f30 | waiting = false
[2026-06-08T19:26:40.311Z] [Engine] [DEBUG] Tick 5800000 | PC = 0x100344c8 | SP = 0x20041f30 | waiting = false
[2026-06-08T19:26:40.311Z] [Chassis] [DEBUG] Tick 5800000 | PC = 0x1002dab4 | SP = 0x20041f80 | waiting = false
[2026-06-08T19:26:40.311Z] [Body] [DEBUG] Tick 5800000 | PC = 0x10033346 | SP = 0x20041f28 | waiting = false
[2026-06-08T19:26:43.864Z] [Gateway] [DEBUG] Tick 5850000 | PC = 0x1002e064 | SP = 0x20041f80 | waiting = true
[2026-06-08T19:26:43.864Z] [Engine] [DEBUG] Tick 5850000 | PC = 0x20005332 | SP = 0x20041f04 | waiting = false
[2026-06-08T19:26:43.864Z] [Chassis] [DEBUG] Tick 5850000 | PC = 0x20005332 | SP = 0x20041f04 | waiting = false
[2026-06-08T19:26:43.864Z] [Body] [DEBUG] Tick 5850000 | PC = 0x1002e442 | SP = 0x20041f28 | waiting = false
[2026-06-08T19:26:47.054Z] [Gateway] [DEBUG] Tick 5900000 | PC = 0x2636 | SP = 0x20041f30 | waiting = false
[2026-06-08T19:26:47.054Z] [Engine] [DEBUG] Tick 5900000 | PC = 0x1002e2a4 | SP = 0x20041ee0 | waiting = false
[2026-06-08T19:26:47.054Z] [Chassis] [DEBUG] Tick 5900000 | PC = 0x100332f0 | SP = 0x20041f48 | waiting = false
[2026-06-08T19:26:47.054Z] [Body] [DEBUG] Tick 5900000 | PC = 0x10033756 | SP = 0x20041f58 | waiting = false
[2026-06-08T19:26:50.549Z] [Gateway] [DEBUG] Tick 5950000 | PC = 0x1002daca | SP = 0x20041f74 | waiting = false
[2026-06-08T19:26:50.549Z] [Engine] [DEBUG] Tick 5950000 | PC = 0x20005872 | SP = 0x20041ee4 | waiting = false
[2026-06-08T19:26:50.549Z] [Chassis] [DEBUG] Tick 5950000 | PC = 0x10032f9a | SP = 0x20041f48 | waiting = false
[2026-06-08T19:26:50.549Z] [Body] [DEBUG] Tick 5950000 | PC = 0x10033962 | SP = 0x20041f10 | waiting = false
[2026-06-08T19:26:53.540Z] [Gateway] [DEBUG] Tick 6000000 | PC = 0x100337e8 | SP = 0x20041f50 | waiting = false
[2026-06-08T19:26:53.540Z] [Engine] [DEBUG] Tick 6000000 | PC = 0x10033a5c | SP = 0x20041f58 | waiting = false
[2026-06-08T19:26:53.540Z] [Chassis] [DEBUG] Tick 6000000 | PC = 0x1002e16c | SP = 0x20041ee8 | waiting = false
[2026-06-08T19:26:53.540Z] [Body] [DEBUG] Tick 6000000 | PC = 0x1002dac4 | SP = 0x20041f74 | waiting = false
[2026-06-08T19:26:56.497Z] [Gateway] [DEBUG] Tick 6050000 | PC = 0x1002e050 | SP = 0x20041f80 | waiting = false
[2026-06-08T19:26:56.497Z] [Engine] [DEBUG] Tick 6050000 | PC = 0x1003356a | SP = 0x20041f28 | waiting = false
[2026-06-08T19:26:56.497Z] [Chassis] [DEBUG] Tick 6050000 | PC = 0x1002e16c | SP = 0x20041ee0 | waiting = false
[2026-06-08T19:26:56.497Z] [Body] [DEBUG] Tick 6050000 | PC = 0x20005508 | SP = 0x20041f08 | waiting = false
[2026-06-08T19:26:59.468Z] [Gateway] [DEBUG] Tick 6100000 | PC = 0x1002db9c | SP = 0x20041f38 | waiting = false
[2026-06-08T19:26:59.469Z] [Engine] [DEBUG] Tick 6100000 | PC = 0x1002e05a | SP = 0x20041f80 | waiting = false
[2026-06-08T19:26:59.469Z] [Chassis] [DEBUG] Tick 6100000 | PC = 0x1003320a | SP = 0x20041f28 | waiting = false
[2026-06-08T19:26:59.469Z] [Body] [DEBUG] Tick 6100000 | PC = 0x1003331c | SP = 0x20041f48 | waiting = false
[2026-06-08T19:27:03.071Z] [Gateway] [DEBUG] Tick 6150000 | PC = 0x1002de5a | SP = 0x20041f38 | waiting = false
[2026-06-08T19:27:03.071Z] [Engine] [DEBUG] Tick 6150000 | PC = 0x1003374a | SP = 0x20041f58 | waiting = false
[2026-06-08T19:27:03.071Z] [Chassis] [DEBUG] Tick 6150000 | PC = 0x10032d5c | SP = 0x20041f40 | waiting = false
[2026-06-08T19:27:03.071Z] [Body] [DEBUG] Tick 6150000 | PC = 0x10033446 | SP = 0x20041f08 | waiting = false
[2026-06-08T19:27:07.241Z] [Gateway] [DEBUG] Tick 6200000 | PC = 0x10033028 | SP = 0x20041ef0 | waiting = false
[2026-06-08T19:27:07.241Z] [Engine] [DEBUG] Tick 6200000 | PC = 0x1002dc36 | SP = 0x20041f10 | waiting = false
[2026-06-08T19:27:07.241Z] [Chassis] [DEBUG] Tick 6200000 | PC = 0x100334d2 | SP = 0x20041ed8 | waiting = false
[2026-06-08T19:27:07.241Z] [Body] [DEBUG] Tick 6200000 | PC = 0x10033672 | SP = 0x20041ef0 | waiting = false
[2026-06-08T19:27:11.498Z] [Gateway] [DEBUG] Tick 6250000 | PC = 0x10033924 | SP = 0x20041f18 | waiting = false
[2026-06-08T19:27:11.498Z] [Engine] [DEBUG] Tick 6250000 | PC = 0x20000626 | SP = 0x20041f08 | waiting = false
[2026-06-08T19:27:11.498Z] [Chassis] [DEBUG] Tick 6250000 | PC = 0x20004d76 | SP = 0x20041f58 | waiting = false
[2026-06-08T19:27:11.498Z] [Body] [DEBUG] Tick 6250000 | PC = 0x10032b88 | SP = 0x20041f30 | waiting = false
[2026-06-08T19:27:14.969Z] [Gateway] [DEBUG] Tick 6300000 | PC = 0x2636 | SP = 0x20041f10 | waiting = false
[2026-06-08T19:27:14.969Z] [Engine] [DEBUG] Tick 6300000 | PC = 0x10033a50 | SP = 0x20041f58 | waiting = false
[2026-06-08T19:27:14.969Z] [Chassis] [DEBUG] Tick 6300000 | PC = 0x2636 | SP = 0x20041f10 | waiting = false
[2026-06-08T19:27:14.969Z] [Body] [DEBUG] Tick 6300000 | PC = 0x20000626 | SP = 0x20041f08 | waiting = false
[2026-06-08T19:27:17.593Z] [Gateway] [DEBUG] Tick 6350000 | PC = 0x1003374a | SP = 0x20041f58 | waiting = false
[2026-06-08T19:27:17.593Z] [Engine] [DEBUG] Tick 6350000 | PC = 0x1003399c | SP = 0x20041f10 | waiting = false
[2026-06-08T19:27:17.593Z] [Chassis] [DEBUG] Tick 6350000 | PC = 0x1002e2a8 | SP = 0x20041ee0 | waiting = false
[2026-06-08T19:27:17.593Z] [Body] [DEBUG] Tick 6350000 | PC = 0x10032d5c | SP = 0x20041f40 | waiting = false
[2026-06-08T19:27:20.846Z] [Gateway] [DEBUG] Tick 6400000 | PC = 0x10033028 | SP = 0x20041ef0 | waiting = false
[2026-06-08T19:27:20.846Z] [Engine] [DEBUG] Tick 6400000 | PC = 0x10033460 | SP = 0x20041f08 | waiting = false
[2026-06-08T19:27:20.846Z] [Chassis] [DEBUG] Tick 6400000 | PC = 0x10033672 | SP = 0x20041ef0 | waiting = false
[2026-06-08T19:27:20.846Z] [Body] [DEBUG] Tick 6400000 | PC = 0x10033708 | SP = 0x20041f58 | waiting = false
[2026-06-08T19:27:23.564Z] [Gateway] [DEBUG] Tick 6450000 | PC = 0x10032a16 | SP = 0x20041f00 | waiting = false
[2026-06-08T19:27:23.564Z] [Engine] [DEBUG] Tick 6450000 | PC = 0x1002e4bc | SP = 0x20041f58 | waiting = false
[2026-06-08T19:27:23.564Z] [Chassis] [DEBUG] Tick 6450000 | PC = 0x10033ed4 | SP = 0x20041f58 | waiting = false
[2026-06-08T19:27:23.564Z] [Body] [DEBUG] Tick 6450000 | PC = 0x10033a5c | SP = 0x20041f58 | waiting = false
[2026-06-08T19:27:26.749Z] [Gateway] [DEBUG] Tick 6500000 | PC = 0x1003354c | SP = 0x20041f28 | waiting = false
[2026-06-08T19:27:26.749Z] [Engine] [DEBUG] Tick 6500000 | PC = 0x20000626 | SP = 0x20041f08 | waiting = false
[2026-06-08T19:27:26.749Z] [Chassis] [DEBUG] Tick 6500000 | PC = 0x10032b5a | SP = 0x20041f30 | waiting = false
[2026-06-08T19:27:26.749Z] [Body] [DEBUG] Tick 6500000 | PC = 0x20005be5 | SP = 0x20041f78 | waiting = false
[2026-06-08T19:27:29.968Z] [Gateway] [DEBUG] Tick 6550000 | PC = 0x1002e16c | SP = 0x20041ee8 | waiting = false
[2026-06-08T19:27:29.968Z] [Engine] [DEBUG] Tick 6550000 | PC = 0x1003374a | SP = 0x20041f58 | waiting = false
[2026-06-08T19:27:29.968Z] [Chassis] [DEBUG] Tick 6550000 | PC = 0x1002db9c | SP = 0x20041f38 | waiting = false
[2026-06-08T19:27:29.968Z] [Body] [DEBUG] Tick 6550000 | PC = 0x10033988 | SP = 0x20041f10 | waiting = false
[2026-06-08T19:27:32.667Z] [Gateway] [DEBUG] Tick 6600000 | PC = 0x1002e064 | SP = 0x20041f80 | waiting = true
[2026-06-08T19:27:32.667Z] [Engine] [DEBUG] Tick 6600000 | PC = 0x10033970 | SP = 0x20041f10 | waiting = false
[2026-06-08T19:27:32.667Z] [Chassis] [DEBUG] Tick 6600000 | PC = 0x1002e064 | SP = 0x20041f80 | waiting = true
[2026-06-08T19:27:32.667Z] [Body] [DEBUG] Tick 6600000 | PC = 0x10033932 | SP = 0x20041f18 | waiting = false
[2026-06-08T19:27:35.988Z] [Gateway] [DEBUG] Tick 6650000 | PC = 0x10029c9a | SP = 0x20041fa0 | waiting = false
[2026-06-08T19:27:35.988Z] [Engine] [DEBUG] Tick 6650000 | PC = 0x10033a62 | SP = 0x20041f58 | waiting = false
[2026-06-08T19:27:35.988Z] [Chassis] [DEBUG] Tick 6650000 | PC = 0x1002e27a | SP = 0x20041ee0 | waiting = false
[2026-06-08T19:27:35.988Z] [Body] [DEBUG] Tick 6650000 | PC = 0x1002e4bc | SP = 0x20041f58 | waiting = false
[2026-06-08T19:27:38.712Z] [Gateway] [DEBUG] Tick 6700000 | PC = 0x1002de98 | SP = 0x20041f38 | waiting = false
[2026-06-08T19:27:38.713Z] [Engine] [DEBUG] Tick 6700000 | PC = 0x1002e294 | SP = 0x20041ee0 | waiting = false
[2026-06-08T19:27:38.713Z] [Chassis] [DEBUG] Tick 6700000 | PC = 0x10033a72 | SP = 0x20041f58 | waiting = false
[2026-06-08T19:27:38.713Z] [Body] [DEBUG] Tick 6700000 | PC = 0x20000626 | SP = 0x20041f08 | waiting = false
[2026-06-08T19:27:41.980Z] [Gateway] [DEBUG] Tick 6750000 | PC = 0x1002e4b6 | SP = 0x20041f58 | waiting = false
[2026-06-08T19:27:41.980Z] [Engine] [DEBUG] Tick 6750000 | PC = 0x10033554 | SP = 0x20041f08 | waiting = false
[2026-06-08T19:27:41.980Z] [Chassis] [DEBUG] Tick 6750000 | PC = 0x1003374c | SP = 0x20041f58 | waiting = false
[2026-06-08T19:27:41.980Z] [Body] [DEBUG] Tick 6750000 | PC = 0x1002e27a | SP = 0x20041ee0 | waiting = false
[2026-06-08T19:27:45.166Z] [Gateway] [DEBUG] Tick 6800000 | PC = 0x10032f8c | SP = 0x20041f48 | waiting = false
[2026-06-08T19:27:45.166Z] [Engine] [DEBUG] Tick 6800000 | PC = 0x10033a44 | SP = 0x20041f58 | waiting = false
[2026-06-08T19:27:45.166Z] [Chassis] [DEBUG] Tick 6800000 | PC = 0x2634 | SP = 0x20041f10 | waiting = false
[2026-06-08T19:27:45.166Z] [Body] [DEBUG] Tick 6800000 | PC = 0x1002e170 | SP = 0x20041ee8 | waiting = false
[2026-06-08T19:27:47.899Z] [Gateway] [DEBUG] Tick 6850000 | PC = 0x100336fe | SP = 0x20041f28 | waiting = false
[2026-06-08T19:27:47.899Z] [Engine] [DEBUG] Tick 6850000 | PC = 0x1002de42 | SP = 0x20041f38 | waiting = false
[2026-06-08T19:27:47.899Z] [Chassis] [DEBUG] Tick 6850000 | PC = 0x1002e168 | SP = 0x20041ee0 | waiting = false
[2026-06-08T19:27:47.899Z] [Body] [DEBUG] Tick 6850000 | PC = 0x10032a02 | SP = 0x20041f58 | waiting = false
[2026-06-08T19:27:51.123Z] [Gateway] [DEBUG] Tick 6900000 | PC = 0x10033648 | SP = 0x20041ef0 | waiting = false
[2026-06-08T19:27:51.123Z] [Engine] [DEBUG] Tick 6900000 | PC = 0x10032f74 | SP = 0x20041f18 | waiting = false
[2026-06-08T19:27:51.123Z] [Chassis] [DEBUG] Tick 6900000 | PC = 0x100344ea | SP = 0x20041f30 | waiting = false
[2026-06-08T19:27:51.123Z] [Body] [DEBUG] Tick 6900000 | PC = 0x2636 | SP = 0x20041f10 | waiting = false
[2026-06-08T19:27:53.772Z] [Gateway] [DEBUG] Tick 6950000 | PC = 0x100336ec | SP = 0x20041f18 | waiting = false
[2026-06-08T19:27:53.772Z] [Engine] [DEBUG] Tick 6950000 | PC = 0x1002e48c | SP = 0x20041f28 | waiting = false
[2026-06-08T19:27:53.772Z] [Chassis] [DEBUG] Tick 6950000 | PC = 0x1002e48c | SP = 0x20041f28 | waiting = false
[2026-06-08T19:27:53.772Z] [Body] [DEBUG] Tick 6950000 | PC = 0x1002e064 | SP = 0x20041f80 | waiting = true
[2026-06-08T19:27:57.055Z] [Gateway] [DEBUG] Tick 7000000 | PC = 0x10031b64 | SP = 0x20041ee8 | waiting = false
[2026-06-08T19:27:57.055Z] [Engine] [DEBUG] Tick 7000000 | PC = 0x1003356a | SP = 0x20041f08 | waiting = false
[2026-06-08T19:27:57.055Z] [Chassis] [DEBUG] Tick 7000000 | PC = 0x10033204 | SP = 0x20041f28 | waiting = false
[2026-06-08T19:27:57.055Z] [Body] [DEBUG] Tick 7000000 | PC = 0x1002e270 | SP = 0x20041ee0 | waiting = false
[2026-06-08T19:28:00.807Z] [Gateway] [DEBUG] Tick 7050000 | PC = 0x1002e472 | SP = 0x20041f28 | waiting = false
[2026-06-08T19:28:00.807Z] [Engine] [DEBUG] Tick 7050000 | PC = 0x1002e168 | SP = 0x20041fa0 | waiting = false
[2026-06-08T19:28:00.807Z] [Chassis] [DEBUG] Tick 7050000 | PC = 0x1002dbf8 | SP = 0x20041f10 | waiting = false
[2026-06-08T19:28:00.807Z] [Body] [DEBUG] Tick 7050000 | PC = 0x1003374a | SP = 0x20041f58 | waiting = false
[2026-06-08T19:28:03.547Z] [Gateway] [DEBUG] Tick 7100000 | PC = 0x1002e064 | SP = 0x20041f80 | waiting = true
[2026-06-08T19:28:03.547Z] [Engine] [DEBUG] Tick 7100000 | PC = 0x1002e064 | SP = 0x20041f80 | waiting = true
[2026-06-08T19:28:03.547Z] [Chassis] [DEBUG] Tick 7100000 | PC = 0x1003399c | SP = 0x20041f10 | waiting = false
[2026-06-08T19:28:03.547Z] [Body] [DEBUG] Tick 7100000 | PC = 0x10033a62 | SP = 0x20041f58 | waiting = false
[2026-06-08T19:28:06.857Z] [Gateway] [DEBUG] Tick 7150000 | PC = 0x10032fa6 | SP = 0x20041f48 | waiting = false
[2026-06-08T19:28:06.857Z] [Engine] [DEBUG] Tick 7150000 | PC = 0x1002e270 | SP = 0x20041ee0 | waiting = false
[2026-06-08T19:28:06.857Z] [Chassis] [DEBUG] Tick 7150000 | PC = 0x10033706 | SP = 0x20041f58 | waiting = false
[2026-06-08T19:28:06.857Z] [Body] [DEBUG] Tick 7150000 | PC = 0x1002e2a4 | SP = 0x20041ee0 | waiting = false
[2026-06-08T19:28:09.493Z] [Gateway] [DEBUG] Tick 7200000 | PC = 0x10029ccc | SP = 0x20041fa0 | waiting = false
[2026-06-08T19:28:09.493Z] [Engine] [DEBUG] Tick 7200000 | PC = 0x10033ece | SP = 0x20041f58 | waiting = false
[2026-06-08T19:28:09.493Z] [Chassis] [DEBUG] Tick 7200000 | PC = 0x2634 | SP = 0x20041f10 | waiting = false
[2026-06-08T19:28:09.493Z] [Body] [DEBUG] Tick 7200000 | PC = 0x10033564 | SP = 0x20041f08 | waiting = false
[2026-06-08T19:28:12.839Z] [Gateway] [DEBUG] Tick 7250000 | PC = 0x10033706 | SP = 0x20041f58 | waiting = false
[2026-06-08T19:28:12.839Z] [Engine] [DEBUG] Tick 7250000 | PC = 0x2636 | SP = 0x20041ef0 | waiting = false
[2026-06-08T19:28:12.839Z] [Chassis] [DEBUG] Tick 7250000 | PC = 0x1002e064 | SP = 0x20041f80 | waiting = true
[2026-06-08T19:28:12.839Z] [Body] [DEBUG] Tick 7250000 | PC = 0x10018516 | SP = 0x20041f88 | waiting = false
[2026-06-08T19:28:16.500Z] [Gateway] [DEBUG] Tick 7300000 | PC = 0x1002db9e | SP = 0x20041f24 | waiting = false
[2026-06-08T19:28:16.500Z] [Engine] [DEBUG] Tick 7300000 | PC = 0x1001855a | SP = 0x20041f88 | waiting = false
[2026-06-08T19:28:16.500Z] [Chassis] [DEBUG] Tick 7300000 | PC = 0x1001855a | SP = 0x20041f88 | waiting = false
[2026-06-08T19:28:16.500Z] [Body] [DEBUG] Tick 7300000 | PC = 0x1002e296 | SP = 0x20041ee0 | waiting = false
[2026-06-08T19:28:19.140Z] [Gateway] [DEBUG] Tick 7350000 | PC = 0x1002e262 | SP = 0x20041efc | waiting = false
[2026-06-08T19:28:19.140Z] [Engine] [DEBUG] Tick 7350000 | PC = 0x1002e260 | SP = 0x20041f10 | waiting = false
[2026-06-08T19:28:19.140Z] [Chassis] [DEBUG] Tick 7350000 | PC = 0x10033a62 | SP = 0x20041f58 | waiting = false
[2026-06-08T19:28:19.140Z] [Body] [DEBUG] Tick 7350000 | PC = 0x10032f6e | SP = 0x20041f20 | waiting = false
[2026-06-08T19:28:22.328Z] [Gateway] [DEBUG] Tick 7400000 | PC = 0x1002e260 | SP = 0x20041f10 | waiting = false
[2026-06-08T19:28:22.329Z] [Engine] [DEBUG] Tick 7400000 | PC = 0x100335d0 | SP = 0x20041ef0 | waiting = false
[2026-06-08T19:28:22.329Z] [Chassis] [DEBUG] Tick 7400000 | PC = 0x2638 | SP = 0x20041ef0 | waiting = false
[2026-06-08T19:28:22.329Z] [Body] [DEBUG] Tick 7400000 | PC = 0x1002e48c | SP = 0x20041f28 | waiting = false
[2026-06-08T19:28:24.995Z] [Gateway] [DEBUG] Tick 7450000 | PC = 0x1003332c | SP = 0x20041f28 | waiting = false
[2026-06-08T19:28:24.995Z] [Engine] [DEBUG] Tick 7450000 | PC = 0x1002e2b0 | SP = 0x20041ee0 | waiting = false
[2026-06-08T19:28:24.995Z] [Chassis] [DEBUG] Tick 7450000 | PC = 0x10033564 | SP = 0x20041f28 | waiting = false
[2026-06-08T19:28:24.995Z] [Body] [DEBUG] Tick 7450000 | PC = 0x1002e446 | SP = 0x20041f28 | waiting = false
[2026-06-08T19:28:28.302Z] [Gateway] [DEBUG] Tick 7500000 | PC = 0x10031b8a | SP = 0x20041ee8 | waiting = false
[2026-06-08T19:28:28.303Z] [Engine] [DEBUG] Tick 7500000 | PC = 0x1003320a | SP = 0x20041f28 | waiting = false
[2026-06-08T19:28:28.303Z] [Chassis] [DEBUG] Tick 7500000 | PC = 0x1002e296 | SP = 0x20041ee0 | waiting = false
[2026-06-08T19:28:28.303Z] [Body] [DEBUG] Tick 7500000 | PC = 0x100336be | SP = 0x20041f38 | waiting = false
[2026-06-08T19:28:31.595Z] [Gateway] [DEBUG] Tick 7550000 | PC = 0x10033342 | SP = 0x20041f48 | waiting = false
[2026-06-08T19:28:31.595Z] [Engine] [DEBUG] Tick 7550000 | PC = 0x1001855a | SP = 0x20041f88 | waiting = false
[2026-06-08T19:28:31.595Z] [Chassis] [DEBUG] Tick 7550000 | PC = 0x1003369e | SP = 0x20041f00 | waiting = false
[2026-06-08T19:28:31.595Z] [Body] [DEBUG] Tick 7550000 | PC = 0x1002e064 | SP = 0x20041f80 | waiting = true
[2026-06-08T19:28:34.711Z] [Gateway] [DEBUG] Tick 7600000 | PC = 0x20000298 | SP = 0x20041ec8 | waiting = false
[2026-06-08T19:28:34.711Z] [Engine] [DEBUG] Tick 7600000 | PC = 0x10034920 | SP = 0x20041f58 | waiting = false
[2026-06-08T19:28:34.711Z] [Chassis] [DEBUG] Tick 7600000 | PC = 0x10032d58 | SP = 0x20041f48 | waiting = false
[2026-06-08T19:28:34.711Z] [Body] [DEBUG] Tick 7600000 | PC = 0x10018506 | SP = 0x20041f88 | waiting = false
[2026-06-08T19:28:38.043Z] [Gateway] [DEBUG] Tick 7650000 | PC = 0x1002e064 | SP = 0x20041f80 | waiting = true
[2026-06-08T19:28:38.044Z] [Engine] [DEBUG] Tick 7650000 | PC = 0x10029ca6 | SP = 0x20041fa0 | waiting = false
[2026-06-08T19:28:38.044Z] [Chassis] [DEBUG] Tick 7650000 | PC = 0x2632 | SP = 0x20041ef0 | waiting = false
[2026-06-08T19:28:38.044Z] [Body] [DEBUG] Tick 7650000 | PC = 0x20004d6c | SP = 0x20041f50 | waiting = false
[2026-06-08T19:28:40.743Z] [Gateway] [DEBUG] Tick 7700000 | PC = 0x1002e050 | SP = 0x20041f80 | waiting = false
[2026-06-08T19:28:40.743Z] [Engine] [DEBUG] Tick 7700000 | PC = 0x20005bb0 | SP = 0x20041f78 | waiting = false
[2026-06-08T19:28:40.743Z] [Chassis] [DEBUG] Tick 7700000 | PC = 0x10033004 | SP = 0x20041f10 | waiting = false
[2026-06-08T19:28:40.743Z] [Body] [DEBUG] Tick 7700000 | PC = 0x2634 | SP = 0x20041ef0 | waiting = false
[2026-06-08T19:28:43.960Z] [Gateway] [DEBUG] Tick 7750000 | PC = 0x2000030e | SP = 0x20041ee8 | waiting = false
[2026-06-08T19:28:43.960Z] [Engine] [DEBUG] Tick 7750000 | PC = 0x1002e064 | SP = 0x20041f80 | waiting = true
[2026-06-08T19:28:43.960Z] [Chassis] [DEBUG] Tick 7750000 | PC = 0x1002e064 | SP = 0x20041f80 | waiting = true
[2026-06-08T19:28:43.960Z] [Body] [DEBUG] Tick 7750000 | PC = 0x10033564 | SP = 0x20041f28 | waiting = false
[2026-06-08T19:28:47.234Z] [Gateway] [DEBUG] Tick 7800000 | PC = 0x1003330a | SP = 0x20041f28 | waiting = false
[2026-06-08T19:28:47.234Z] [Engine] [DEBUG] Tick 7800000 | PC = 0x1002e260 | SP = 0x20041f10 | waiting = false
[2026-06-08T19:28:47.234Z] [Chassis] [DEBUG] Tick 7800000 | PC = 0x10018506 | SP = 0x20041f88 | waiting = false
[2026-06-08T19:28:47.234Z] [Body] [DEBUG] Tick 7800000 | PC = 0x1001855a | SP = 0x20041f88 | waiting = false
[2026-06-08T19:28:49.893Z] [Gateway] [DEBUG] Tick 7850000 | PC = 0x10033a52 | SP = 0x20041f58 | waiting = false
[2026-06-08T19:28:49.893Z] [Engine] [DEBUG] Tick 7850000 | PC = 0x20004d6c | SP = 0x20041f50 | waiting = false
[2026-06-08T19:28:49.893Z] [Chassis] [DEBUG] Tick 7850000 | PC = 0x10034150 | SP = 0x20041f20 | waiting = false
[2026-06-08T19:28:49.893Z] [Body] [DEBUG] Tick 7850000 | PC = 0x10033638 | SP = 0x20041ef0 | waiting = false
[2026-06-08T19:28:53.232Z] [Gateway] [DEBUG] Tick 7900000 | PC = 0x1002e440 | SP = 0x20041f48 | waiting = false
[2026-06-08T19:28:53.232Z] [Engine] [DEBUG] Tick 7900000 | PC = 0x1002e494 | SP = 0x20041f48 | waiting = false
[2026-06-08T19:28:53.232Z] [Chassis] [DEBUG] Tick 7900000 | PC = 0x10033a62 | SP = 0x20041f58 | waiting = false
[2026-06-08T19:28:53.232Z] [Body] [DEBUG] Tick 7900000 | PC = 0x100337f0 | SP = 0x20041f50 | waiting = false
[2026-06-08T19:28:56.408Z] [Gateway] [DEBUG] Tick 7950000 | PC = 0x1002e47a | SP = 0x20041f28 | waiting = false
[2026-06-08T19:28:56.408Z] [Engine] [DEBUG] Tick 7950000 | PC = 0x10018506 | SP = 0x20041f88 | waiting = false
[2026-06-08T19:28:56.408Z] [Chassis] [DEBUG] Tick 7950000 | PC = 0x1002e032 | SP = 0x20041f80 | waiting = false
[2026-06-08T19:28:56.408Z] [Body] [DEBUG] Tick 7950000 | PC = 0x1002e4b6 | SP = 0x20041f58 | waiting = false
[2026-06-08T19:28:59.557Z] [Gateway] [DEBUG] Tick 8000000 | PC = 0x1002db9e | SP = 0x20041f24 | waiting = false
[2026-06-08T19:28:59.557Z] [Engine] [DEBUG] Tick 8000000 | PC = 0x10032a48 | SP = 0x20041f00 | waiting = false
[2026-06-08T19:28:59.557Z] [Chassis] [DEBUG] Tick 8000000 | PC = 0x1002e064 | SP = 0x20041f80 | waiting = true
[2026-06-08T19:28:59.557Z] [Body] [DEBUG] Tick 8000000 | PC = 0x10033564 | SP = 0x20041f28 | waiting = false
[2026-06-08T19:29:02.804Z] [Gateway] [DEBUG] Tick 8050000 | PC = 0x1002dbec | SP = 0x20041f10 | waiting = false
[2026-06-08T19:29:02.804Z] [Engine] [DEBUG] Tick 8050000 | PC = 0x10029c26 | SP = 0x20041f90 | waiting = false
[2026-06-08T19:29:02.804Z] [Chassis] [DEBUG] Tick 8050000 | PC = 0x10029c26 | SP = 0x20041f90 | waiting = false
[2026-06-08T19:29:02.804Z] [Body] [DEBUG] Tick 8050000 | PC = 0x1002e28e | SP = 0x20041ee0 | waiting = false
[2026-06-08T19:29:05.487Z] [Gateway] [DEBUG] Tick 8100000 | PC = 0x10032fbc | SP = 0x20041f48 | waiting = false
[2026-06-08T19:29:05.487Z] [Engine] [DEBUG] Tick 8100000 | PC = 0x10033004 | SP = 0x20041f10 | waiting = false
[2026-06-08T19:29:05.487Z] [Chassis] [DEBUG] Tick 8100000 | PC = 0x10033672 | SP = 0x20041ef0 | waiting = false
[2026-06-08T19:29:05.487Z] [Body] [DEBUG] Tick 8100000 | PC = 0x100335e6 | SP = 0x20041ee8 | waiting = false
[2026-06-08T19:29:08.734Z] [Gateway] [DEBUG] Tick 8150000 | PC = 0x1002e4b6 | SP = 0x20041f58 | waiting = false
[2026-06-08T19:29:08.734Z] [Engine] [DEBUG] Tick 8150000 | PC = 0x1002e170 | SP = 0x20041ee0 | waiting = false
[2026-06-08T19:29:08.734Z] [Chassis] [DEBUG] Tick 8150000 | PC = 0x20000358 | SP = 0x20041f00 | waiting = false
[2026-06-08T19:29:08.734Z] [Body] [DEBUG] Tick 8150000 | PC = 0x1002e174 | SP = 0x20041ee0 | waiting = false
[2026-06-08T19:29:11.998Z] [Gateway] [DEBUG] Tick 8200000 | PC = 0x1002de42 | SP = 0x20041f38 | waiting = false
[2026-06-08T19:29:11.998Z] [Engine] [DEBUG] Tick 8200000 | PC = 0x100335e6 | SP = 0x20041ee8 | waiting = false
[2026-06-08T19:29:11.998Z] [Chassis] [DEBUG] Tick 8200000 | PC = 0x1002e468 | SP = 0x20041f28 | waiting = false
[2026-06-08T19:29:11.998Z] [Body] [DEBUG] Tick 8200000 | PC = 0x1002e064 | SP = 0x20041f80 | waiting = true
[2026-06-08T19:29:14.826Z] [Gateway] [DEBUG] Tick 8250000 | PC = 0x1002dbea | SP = 0x20041f10 | waiting = false
[2026-06-08T19:29:14.826Z] [Engine] [DEBUG] Tick 8250000 | PC = 0x1002e280 | SP = 0x20041ee0 | waiting = false
[2026-06-08T19:29:14.826Z] [Chassis] [DEBUG] Tick 8250000 | PC = 0x2636 | SP = 0x20041ef0 | waiting = false
[2026-06-08T19:29:14.826Z] [Body] [DEBUG] Tick 8250000 | PC = 0x1002de98 | SP = 0x20041f38 | waiting = false
[2026-06-08T19:29:18.051Z] [Gateway] [DEBUG] Tick 8300000 | PC = 0x10032a32 | SP = 0x20041f00 | waiting = false
[2026-06-08T19:29:18.051Z] [Engine] [DEBUG] Tick 8300000 | PC = 0x1002e064 | SP = 0x20041f80 | waiting = true
[2026-06-08T19:29:18.051Z] [Chassis] [DEBUG] Tick 8300000 | PC = 0x10033012 | SP = 0x20041f10 | waiting = false
[2026-06-08T19:29:18.051Z] [Body] [DEBUG] Tick 8300000 | PC = 0x10033932 | SP = 0x20041f18 | waiting = false
[2026-06-08T19:29:21.143Z] [Gateway] [DEBUG] Tick 8350000 | PC = 0x1002e064 | SP = 0x20041f80 | waiting = true
[2026-06-08T19:29:21.143Z] [Engine] [DEBUG] Tick 8350000 | PC = 0x1002dbaa | SP = 0x20041f10 | waiting = false
[2026-06-08T19:29:21.143Z] [Chassis] [DEBUG] Tick 8350000 | PC = 0x1002e064 | SP = 0x20041f80 | waiting = true
[2026-06-08T19:29:21.143Z] [Body] [DEBUG] Tick 8350000 | PC = 0x10032fb8 | SP = 0x20041f48 | waiting = false
[2026-06-08T19:29:24.409Z] [Gateway] [DEBUG] Tick 8400000 | PC = 0x1002df60 | SP = 0x20041f68 | waiting = false
[2026-06-08T19:29:24.409Z] [Engine] [DEBUG] Tick 8400000 | PC = 0x10032b9a | SP = 0x20041f30 | waiting = false
[2026-06-08T19:29:24.410Z] [Chassis] [DEBUG] Tick 8400000 | PC = 0x1002deb2 | SP = 0x20041f38 | waiting = false
[2026-06-08T19:29:24.410Z] [Body] [DEBUG] Tick 8400000 | PC = 0x1002e28e | SP = 0x20041ee0 | waiting = false
[2026-06-08T19:29:27.153Z] [Gateway] [DEBUG] Tick 8450000 | PC = 0x1002e05a | SP = 0x20041f80 | waiting = false
[2026-06-08T19:29:27.153Z] [Engine] [DEBUG] Tick 8450000 | PC = 0x1002e064 | SP = 0x20041f80 | waiting = false
[2026-06-08T19:29:27.153Z] [Chassis] [DEBUG] Tick 8450000 | PC = 0x10032a0e | SP = 0x20041f00 | waiting = false
[2026-06-08T19:29:27.153Z] [Body] [DEBUG] Tick 8450000 | PC = 0x2638 | SP = 0x20041ef0 | waiting = false
[2026-06-08T19:29:30.342Z] [Gateway] [DEBUG] Tick 8500000 | PC = 0x10032fd2 | SP = 0x20041ef0 | waiting = false
[2026-06-08T19:29:30.342Z] [Engine] [DEBUG] Tick 8500000 | PC = 0x20005bb0 | SP = 0x20041f78 | waiting = false
[2026-06-08T19:29:30.342Z] [Chassis] [DEBUG] Tick 8500000 | PC = 0x2638 | SP = 0x20041ef0 | waiting = false
[2026-06-08T19:29:30.342Z] [Body] [DEBUG] Tick 8500000 | PC = 0x10033a62 | SP = 0x20041f58 | waiting = false
[2026-06-08T19:29:34.056Z] [Gateway] [DEBUG] Tick 8550000 | PC = 0x1003366a | SP = 0x20041ef0 | waiting = false
[2026-06-08T19:29:34.056Z] [Engine] [DEBUG] Tick 8550000 | PC = 0x1002e064 | SP = 0x20041f80 | waiting = true
[2026-06-08T19:29:34.056Z] [Chassis] [DEBUG] Tick 8550000 | PC = 0x10033540 | SP = 0x20041f28 | waiting = false
[2026-06-08T19:29:34.056Z] [Body] [DEBUG] Tick 8550000 | PC = 0x10033648 | SP = 0x20041ef0 | waiting = false
[2026-06-08T19:29:37.176Z] [Gateway] [DEBUG] Tick 8600000 | PC = 0x1003300a | SP = 0x20041f10 | waiting = false
[2026-06-08T19:29:37.176Z] [Engine] [DEBUG] Tick 8600000 | PC = 0x10033638 | SP = 0x20041ef0 | waiting = false
[2026-06-08T19:29:37.176Z] [Chassis] [DEBUG] Tick 8600000 | PC = 0x1002e170 | SP = 0x20041ee0 | waiting = false
[2026-06-08T19:29:37.176Z] [Body] [DEBUG] Tick 8600000 | PC = 0x2000033c | SP = 0x20041ee8 | waiting = false
[2026-06-08T19:29:40.449Z] [Gateway] [DEBUG] Tick 8650000 | PC = 0x10033706 | SP = 0x20041f58 | waiting = false
[2026-06-08T19:29:40.449Z] [Engine] [DEBUG] Tick 8650000 | PC = 0x10032f62 | SP = 0x20041f30 | waiting = false
[2026-06-08T19:29:40.449Z] [Chassis] [DEBUG] Tick 8650000 | PC = 0x10033638 | SP = 0x20041ef0 | waiting = false
[2026-06-08T19:29:40.449Z] [Body] [DEBUG] Tick 8650000 | PC = 0x1002e440 | SP = 0x20041f48 | waiting = false
[2026-06-08T19:29:43.916Z] [Gateway] [DEBUG] Tick 8700000 | PC = 0x1002e064 | SP = 0x20041f80 | waiting = true
[2026-06-08T19:29:43.916Z] [Engine] [DEBUG] Tick 8700000 | PC = 0x10033340 | SP = 0x20041f28 | waiting = false
[2026-06-08T19:29:43.916Z] [Chassis] [DEBUG] Tick 8700000 | PC = 0x1002df50 | SP = 0x20041f68 | waiting = false
[2026-06-08T19:29:43.916Z] [Body] [DEBUG] Tick 8700000 | PC = 0x1003356a | SP = 0x20041f08 | waiting = false
[2026-06-08T19:29:47.110Z] [Gateway] [DEBUG] Tick 8750000 | PC = 0x1002e4a6 | SP = 0x20041f68 | waiting = false
[2026-06-08T19:29:47.110Z] [Engine] [DEBUG] Tick 8750000 | PC = 0x1003320e | SP = 0x20041f48 | waiting = false
[2026-06-08T19:29:47.110Z] [Chassis] [DEBUG] Tick 8750000 | PC = 0x1002e064 | SP = 0x20041f80 | waiting = true
[2026-06-08T19:29:47.110Z] [Body] [DEBUG] Tick 8750000 | PC = 0x20005bb0 | SP = 0x20041f78 | waiting = false
[2026-06-08T19:29:50.359Z] [Gateway] [DEBUG] Tick 8800000 | PC = 0x10026e0e | SP = 0x20041fa0 | waiting = false
[2026-06-08T19:29:50.359Z] [Engine] [DEBUG] Tick 8800000 | PC = 0x10034126 | SP = 0x20041f20 | waiting = false
[2026-06-08T19:29:50.359Z] [Chassis] [DEBUG] Tick 8800000 | PC = 0x1002dbda | SP = 0x20041f10 | waiting = false
[2026-06-08T19:29:50.359Z] [Body] [DEBUG] Tick 8800000 | PC = 0x1003352e | SP = 0x20041f18 | waiting = false
[2026-06-08T19:29:53.688Z] [Gateway] [DEBUG] Tick 8850000 | PC = 0x20000306 | SP = 0x20041ee8 | waiting = false
[2026-06-08T19:29:53.688Z] [Engine] [DEBUG] Tick 8850000 | PC = 0x1002e064 | SP = 0x20041f80 | waiting = false
[2026-06-08T19:29:53.688Z] [Chassis] [DEBUG] Tick 8850000 | PC = 0x10033a52 | SP = 0x20041f58 | waiting = false
[2026-06-08T19:29:53.688Z] [Body] [DEBUG] Tick 8850000 | PC = 0x10033a62 | SP = 0x20041f58 | waiting = false
[2026-06-08T19:29:56.530Z] [Gateway] [DEBUG] Tick 8900000 | PC = 0x1002de64 | SP = 0x20041f38 | waiting = false
[2026-06-08T19:29:56.530Z] [Engine] [DEBUG] Tick 8900000 | PC = 0x100332b4 | SP = 0x20041f48 | waiting = false
[2026-06-08T19:29:56.530Z] [Chassis] [DEBUG] Tick 8900000 | PC = 0x2632 | SP = 0x20041ef0 | waiting = false
[2026-06-08T19:29:56.530Z] [Body] [DEBUG] Tick 8900000 | PC = 0x100336fa | SP = 0x20041f58 | waiting = false
[2026-06-08T19:30:00.076Z] [Gateway] [DEBUG] Tick 8950000 | PC = 0x1002dbd8 | SP = 0x20041f10 | waiting = false
[2026-06-08T19:30:00.076Z] [Engine] [DEBUG] Tick 8950000 | PC = 0x10032fbc | SP = 0x20041f48 | waiting = false
[2026-06-08T19:30:00.076Z] [Chassis] [DEBUG] Tick 8950000 | PC = 0x10026e16 | SP = 0x20041f98 | waiting = false
[2026-06-08T19:30:00.076Z] [Body] [DEBUG] Tick 8950000 | PC = 0x1002dbda | SP = 0x20041f10 | waiting = false
[2026-06-08T19:30:03.484Z] [Gateway] [DEBUG] Tick 9000000 | PC = 0x1002dbaa | SP = 0x20041f10 | waiting = false
[2026-06-08T19:30:03.484Z] [Engine] [DEBUG] Tick 9000000 | PC = 0x100344b8 | SP = 0x20041f44 | waiting = false
[2026-06-08T19:30:03.484Z] [Chassis] [DEBUG] Tick 9000000 | PC = 0x2000033c | SP = 0x20041ee8 | waiting = false
[2026-06-08T19:30:03.484Z] [Body] [DEBUG] Tick 9000000 | PC = 0x10033672 | SP = 0x20041ef0 | waiting = false
[2026-06-08T19:30:06.670Z] [Gateway] [DEBUG] Tick 9050000 | PC = 0x1002df28 | SP = 0x20041f68 | waiting = false
[2026-06-08T19:30:06.670Z] [Engine] [DEBUG] Tick 9050000 | PC = 0x1002dbd8 | SP = 0x20041f10 | waiting = false
[2026-06-08T19:30:06.670Z] [Chassis] [DEBUG] Tick 9050000 | PC = 0x2636 | SP = 0x20041f30 | waiting = false
[2026-06-08T19:30:06.670Z] [Body] [DEBUG] Tick 9050000 | PC = 0x10032fa6 | SP = 0x20041f48 | waiting = false
[2026-06-08T19:30:10.037Z] [Gateway] [DEBUG] Tick 9100000 | PC = 0x10029ce8 | SP = 0x20041fa0 | waiting = false
[2026-06-08T19:30:10.037Z] [Engine] [DEBUG] Tick 9100000 | PC = 0x1003320c | SP = 0x20041f28 | waiting = false
[2026-06-08T19:30:10.037Z] [Chassis] [DEBUG] Tick 9100000 | PC = 0x1003320e | SP = 0x20041f48 | waiting = false
[2026-06-08T19:30:10.037Z] [Body] [DEBUG] Tick 9100000 | PC = 0x100332b4 | SP = 0x20041f48 | waiting = false
[2026-06-08T19:30:12.791Z] [Gateway] [DEBUG] Tick 9150000 | PC = 0x1002dbae | SP = 0x20041f10 | waiting = false
[2026-06-08T19:30:12.791Z] [Engine] [DEBUG] Tick 9150000 | PC = 0x1002daca | SP = 0x20041f74 | waiting = false
[2026-06-08T19:30:12.791Z] [Chassis] [DEBUG] Tick 9150000 | PC = 0x100336fa | SP = 0x20041f58 | waiting = false
[2026-06-08T19:30:12.791Z] [Body] [DEBUG] Tick 9150000 | PC = 0x1002e064 | SP = 0x20041f80 | waiting = true
[2026-06-08T19:30:16.073Z] [Gateway] [DEBUG] Tick 9200000 | PC = 0x1002de9e | SP = 0x20041f38 | waiting = false
[2026-06-08T19:30:16.073Z] [Engine] [DEBUG] Tick 9200000 | PC = 0x100335d6 | SP = 0x20041ee8 | waiting = false
[2026-06-08T19:30:16.073Z] [Chassis] [DEBUG] Tick 9200000 | PC = 0x10032f66 | SP = 0x20041f30 | waiting = false
[2026-06-08T19:30:16.073Z] [Body] [DEBUG] Tick 9200000 | PC = 0x1002de7c | SP = 0x20041f38 | waiting = false
[2026-06-08T19:30:19.477Z] [Gateway] [DEBUG] Tick 9250000 | PC = 0x100337e8 | SP = 0x20041f50 | waiting = false
[2026-06-08T19:30:19.477Z] [Engine] [DEBUG] Tick 9250000 | PC = 0x1003302c | SP = 0x20041f28 | waiting = false
[2026-06-08T19:30:19.477Z] [Chassis] [DEBUG] Tick 9250000 | PC = 0x100332b4 | SP = 0x20041f48 | waiting = false
[2026-06-08T19:30:19.477Z] [Body] [DEBUG] Tick 9250000 | PC = 0x10034126 | SP = 0x20041f20 | waiting = false
[2026-06-08T19:30:23.176Z] [Gateway] [DEBUG] Tick 9300000 | PC = 0x1003397e | SP = 0x20041f10 | waiting = false
[2026-06-08T19:30:23.176Z] [Engine] [DEBUG] Tick 9300000 | PC = 0x1002dbd8 | SP = 0x20041f10 | waiting = false
[2026-06-08T19:30:23.176Z] [Chassis] [DEBUG] Tick 9300000 | PC = 0x1002de98 | SP = 0x20041f38 | waiting = false
[2026-06-08T19:30:23.176Z] [Body] [DEBUG] Tick 9300000 | PC = 0x2000033c | SP = 0x20041ee8 | waiting = false
[2026-06-08T19:30:26.650Z] [Gateway] [DEBUG] Tick 9350000 | PC = 0x1003333e | SP = 0x20041f48 | waiting = false
[2026-06-08T19:30:26.650Z] [Engine] [DEBUG] Tick 9350000 | PC = 0x1002e064 | SP = 0x20041f80 | waiting = true
[2026-06-08T19:30:26.650Z] [Chassis] [DEBUG] Tick 9350000 | PC = 0x10032b5c | SP = 0x20041f30 | waiting = false
[2026-06-08T19:30:26.650Z] [Body] [DEBUG] Tick 9350000 | PC = 0x10033a44 | SP = 0x20041f58 | waiting = false
[2026-06-08T19:30:30.044Z] [Gateway] [DEBUG] Tick 9400000 | PC = 0x10033ef4 | SP = 0x20041f58 | waiting = false
[2026-06-08T19:30:30.044Z] [Engine] [DEBUG] Tick 9400000 | PC = 0x1002e4a2 | SP = 0x20041f48 | waiting = false
[2026-06-08T19:30:30.044Z] [Chassis] [DEBUG] Tick 9400000 | PC = 0x2632 | SP = 0x20041f30 | waiting = false
[2026-06-08T19:30:30.044Z] [Body] [DEBUG] Tick 9400000 | PC = 0x10033564 | SP = 0x20041f08 | waiting = false
[2026-06-08T19:30:33.627Z] [Gateway] [DEBUG] Tick 9450000 | PC = 0x1002de98 | SP = 0x20041f38 | waiting = false
[2026-06-08T19:30:33.627Z] [Engine] [DEBUG] Tick 9450000 | PC = 0x1002dbb8 | SP = 0x20041f10 | waiting = false
[2026-06-08T19:30:33.627Z] [Chassis] [DEBUG] Tick 9450000 | PC = 0x1002e064 | SP = 0x20041f80 | waiting = true
[2026-06-08T19:30:33.627Z] [Body] [DEBUG] Tick 9450000 | PC = 0x10033a62 | SP = 0x20041f58 | waiting = false
[2026-06-08T19:30:37.647Z] [Gateway] [DEBUG] Tick 9500000 | PC = 0x100337f4 | SP = 0x20041f50 | waiting = false
[2026-06-08T19:30:37.647Z] [Engine] [DEBUG] Tick 9500000 | PC = 0x20000284 | SP = 0x20041ec8 | waiting = false
[2026-06-08T19:30:37.647Z] [Chassis] [DEBUG] Tick 9500000 | PC = 0x1002de9e | SP = 0x20041f38 | waiting = false
[2026-06-08T19:30:37.647Z] [Body] [DEBUG] Tick 9500000 | PC = 0x10032fbc | SP = 0x20041f48 | waiting = false
[2026-06-08T19:30:40.773Z] [Gateway] [DEBUG] Tick 9550000 | PC = 0x10026e0e | SP = 0x20041fa0 | waiting = false
